D:/project/STM32/STSPIN32G4/EVSPIN32G4_SmartBed/Drivers/STM32G4xx_HAL_Driver/Src/stm32g4xx_hal_i2c_ex.c:96:19:HAL_I2CEx_ConfigAnalogFilter	4	static
D:/project/STM32/STSPIN32G4/EVSPIN32G4_SmartBed/Drivers/STM32G4xx_HAL_Driver/Src/stm32g4xx_hal_i2c_ex.c:140:19:HAL_I2CEx_ConfigDigitalFilter	4	static
D:/project/STM32/STSPIN32G4/EVSPIN32G4_SmartBed/Drivers/STM32G4xx_HAL_Driver/Src/stm32g4xx_hal_i2c_ex.c:208:19:HAL_I2CEx_EnableWakeUp	4	static
D:/project/STM32/STSPIN32G4/EVSPIN32G4_SmartBed/Drivers/STM32G4xx_HAL_Driver/Src/stm32g4xx_hal_i2c_ex.c:247:19:HAL_I2CEx_DisableWakeUp	4	static
D:/project/STM32/STSPIN32G4/EVSPIN32G4_SmartBed/Drivers/STM32G4xx_HAL_Driver/Src/stm32g4xx_hal_i2c_ex.c:314:6:HAL_I2CEx_EnableFastModePlus	8	static
D:/project/STM32/STSPIN32G4/EVSPIN32G4_SmartBed/Drivers/STM32G4xx_HAL_Driver/Src/stm32g4xx_hal_i2c_ex.c:343:6:HAL_I2CEx_DisableFastModePlus	8	static
