D:/project/STM32/STSPIN32G4/EVSPIN32G4_SmartBed/Drivers/STM32G4xx_HAL_Driver/Src/stm32g4xx_ll_usart.c:139:13:LL_USART_DeInit	0	static
D:/project/STM32/STSPIN32G4/EVSPIN32G4_SmartBed/Drivers/STM32G4xx_HAL_Driver/Src/stm32g4xx_ll_usart.c:214:13:LL_USART_Init	16	static
D:/project/STM32/STSPIN32G4/EVSPIN32G4_SmartBed/Drivers/STM32G4xx_HAL_Driver/Src/stm32g4xx_ll_usart.c:332:6:LL_USART_StructInit	0	static
D:/project/STM32/STSPIN32G4/EVSPIN32G4_SmartBed/Drivers/STM32G4xx_HAL_Driver/Src/stm32g4xx_ll_usart.c:359:13:LL_USART_ClockInit	8	static
D:/project/STM32/STSPIN32G4/EVSPIN32G4_SmartBed/Drivers/STM32G4xx_HAL_Driver/Src/stm32g4xx_ll_usart.c:406:6:LL_USART_ClockStructInit	0	static
