Archive member included to satisfy reference by file (symbol)

C:/ST/STM32CubeIDE_1.18.0/STM32CubeIDE/plugins/com.st.stm32cube.ide.mcu.externaltools.gnu-tools-for-stm32.13.3.rel1.win32_1.0.0.202411081344/tools/bin/../lib/gcc/arm-none-eabi/13.3.1/../../../../arm-none-eabi/lib/thumb/v7e-m+fp/hard\libc_nano.a(libc_a-exit.o)
                              C:/ST/STM32CubeIDE_1.18.0/STM32CubeIDE/plugins/com.st.stm32cube.ide.mcu.externaltools.gnu-tools-for-stm32.13.3.rel1.win32_1.0.0.202411081344/tools/bin/../lib/gcc/arm-none-eabi/13.3.1/../../../../arm-none-eabi/lib/thumb/v7e-m+fp/hard/crt0.o (exit)
C:/ST/STM32CubeIDE_1.18.0/STM32CubeIDE/plugins/com.st.stm32cube.ide.mcu.externaltools.gnu-tools-for-stm32.13.3.rel1.win32_1.0.0.202411081344/tools/bin/../lib/gcc/arm-none-eabi/13.3.1/../../../../arm-none-eabi/lib/thumb/v7e-m+fp/hard\libc_nano.a(libc_a-findfp.o)
                              C:/ST/STM32CubeIDE_1.18.0/STM32CubeIDE/plugins/com.st.stm32cube.ide.mcu.externaltools.gnu-tools-for-stm32.13.3.rel1.win32_1.0.0.202411081344/tools/bin/../lib/gcc/arm-none-eabi/13.3.1/../../../../arm-none-eabi/lib/thumb/v7e-m+fp/hard\libc_nano.a(libc_a-exit.o) (__stdio_exit_handler)
C:/ST/STM32CubeIDE_1.18.0/STM32CubeIDE/plugins/com.st.stm32cube.ide.mcu.externaltools.gnu-tools-for-stm32.13.3.rel1.win32_1.0.0.202411081344/tools/bin/../lib/gcc/arm-none-eabi/13.3.1/../../../../arm-none-eabi/lib/thumb/v7e-m+fp/hard\libc_nano.a(libc_a-fwalk.o)
                              C:/ST/STM32CubeIDE_1.18.0/STM32CubeIDE/plugins/com.st.stm32cube.ide.mcu.externaltools.gnu-tools-for-stm32.13.3.rel1.win32_1.0.0.202411081344/tools/bin/../lib/gcc/arm-none-eabi/13.3.1/../../../../arm-none-eabi/lib/thumb/v7e-m+fp/hard\libc_nano.a(libc_a-findfp.o) (_fwalk_sglue)
C:/ST/STM32CubeIDE_1.18.0/STM32CubeIDE/plugins/com.st.stm32cube.ide.mcu.externaltools.gnu-tools-for-stm32.13.3.rel1.win32_1.0.0.202411081344/tools/bin/../lib/gcc/arm-none-eabi/13.3.1/../../../../arm-none-eabi/lib/thumb/v7e-m+fp/hard\libc_nano.a(libc_a-stdio.o)
                              C:/ST/STM32CubeIDE_1.18.0/STM32CubeIDE/plugins/com.st.stm32cube.ide.mcu.externaltools.gnu-tools-for-stm32.13.3.rel1.win32_1.0.0.202411081344/tools/bin/../lib/gcc/arm-none-eabi/13.3.1/../../../../arm-none-eabi/lib/thumb/v7e-m+fp/hard\libc_nano.a(libc_a-findfp.o) (__sread)
C:/ST/STM32CubeIDE_1.18.0/STM32CubeIDE/plugins/com.st.stm32cube.ide.mcu.externaltools.gnu-tools-for-stm32.13.3.rel1.win32_1.0.0.202411081344/tools/bin/../lib/gcc/arm-none-eabi/13.3.1/../../../../arm-none-eabi/lib/thumb/v7e-m+fp/hard\libc_nano.a(libc_a-memset.o)
                              C:/ST/STM32CubeIDE_1.18.0/STM32CubeIDE/plugins/com.st.stm32cube.ide.mcu.externaltools.gnu-tools-for-stm32.13.3.rel1.win32_1.0.0.202411081344/tools/bin/../lib/gcc/arm-none-eabi/13.3.1/../../../../arm-none-eabi/lib/thumb/v7e-m+fp/hard/crt0.o (memset)
C:/ST/STM32CubeIDE_1.18.0/STM32CubeIDE/plugins/com.st.stm32cube.ide.mcu.externaltools.gnu-tools-for-stm32.13.3.rel1.win32_1.0.0.202411081344/tools/bin/../lib/gcc/arm-none-eabi/13.3.1/../../../../arm-none-eabi/lib/thumb/v7e-m+fp/hard\libc_nano.a(libc_a-closer.o)
                              C:/ST/STM32CubeIDE_1.18.0/STM32CubeIDE/plugins/com.st.stm32cube.ide.mcu.externaltools.gnu-tools-for-stm32.13.3.rel1.win32_1.0.0.202411081344/tools/bin/../lib/gcc/arm-none-eabi/13.3.1/../../../../arm-none-eabi/lib/thumb/v7e-m+fp/hard\libc_nano.a(libc_a-stdio.o) (_close_r)
C:/ST/STM32CubeIDE_1.18.0/STM32CubeIDE/plugins/com.st.stm32cube.ide.mcu.externaltools.gnu-tools-for-stm32.13.3.rel1.win32_1.0.0.202411081344/tools/bin/../lib/gcc/arm-none-eabi/13.3.1/../../../../arm-none-eabi/lib/thumb/v7e-m+fp/hard\libc_nano.a(libc_a-reent.o)
                              C:/ST/STM32CubeIDE_1.18.0/STM32CubeIDE/plugins/com.st.stm32cube.ide.mcu.externaltools.gnu-tools-for-stm32.13.3.rel1.win32_1.0.0.202411081344/tools/bin/../lib/gcc/arm-none-eabi/13.3.1/../../../../arm-none-eabi/lib/thumb/v7e-m+fp/hard\libc_nano.a(libc_a-closer.o) (errno)
C:/ST/STM32CubeIDE_1.18.0/STM32CubeIDE/plugins/com.st.stm32cube.ide.mcu.externaltools.gnu-tools-for-stm32.13.3.rel1.win32_1.0.0.202411081344/tools/bin/../lib/gcc/arm-none-eabi/13.3.1/../../../../arm-none-eabi/lib/thumb/v7e-m+fp/hard\libc_nano.a(libc_a-impure.o)
                              C:/ST/STM32CubeIDE_1.18.0/STM32CubeIDE/plugins/com.st.stm32cube.ide.mcu.externaltools.gnu-tools-for-stm32.13.3.rel1.win32_1.0.0.202411081344/tools/bin/../lib/gcc/arm-none-eabi/13.3.1/../../../../arm-none-eabi/lib/thumb/v7e-m+fp/hard\libc_nano.a(libc_a-reent.o) (_impure_ptr)
C:/ST/STM32CubeIDE_1.18.0/STM32CubeIDE/plugins/com.st.stm32cube.ide.mcu.externaltools.gnu-tools-for-stm32.13.3.rel1.win32_1.0.0.202411081344/tools/bin/../lib/gcc/arm-none-eabi/13.3.1/../../../../arm-none-eabi/lib/thumb/v7e-m+fp/hard\libc_nano.a(libc_a-lseekr.o)
[...]
Memory Configuration

Name             Origin             Length             Attributes
RAM              0x20000000         0x00008000         xrw
FLASH            0x08000000         0x00020000         xr
*default*        0x00000000         0xffffffff

Linker script and memory map

LOAD C:/ST/STM32CubeIDE_1.18.0/STM32CubeIDE/plugins/com.st.stm32cube.ide.mcu.externaltools.gnu-tools-for-stm32.13.3.rel1.win32_1.0.0.202411081344/tools/bin/../lib/gcc/arm-none-eabi/13.3.1/thumb/v7e-m+fp/hard/crti.o
LOAD C:/ST/STM32CubeIDE_1.18.0/STM32CubeIDE/plugins/com.st.stm32cube.ide.mcu.externaltools.gnu-tools-for-stm32.13.3.rel1.win32_1.0.0.202411081344/tools/bin/../lib/gcc/arm-none-eabi/13.3.1/thumb/v7e-m+fp/hard/crtbegin.o
LOAD C:/ST/STM32CubeIDE_1.18.0/STM32CubeIDE/plugins/com.st.stm32cube.ide.mcu.externaltools.gnu-tools-for-stm32.13.3.rel1.win32_1.0.0.202411081344/tools/bin/../lib/gcc/arm-none-eabi/13.3.1/../../../../arm-none-eabi/lib/thumb/v7e-m+fp/hard/crt0.o
LOAD ./Application/Startup/startup_stm32g431vbtx.o
LOAD ./Application/User/adc.o
LOAD ./Application/User/cordic.o
LOAD ./Application/User/dma.o
LOAD ./Application/User/gpio.o
LOAD ./Application/User/hall_speed_pos_fdbk.o
LOAD ./Application/User/i2c.o
LOAD ./Application/User/main.o
LOAD ./Application/User/mc_api.o
LOAD ./Application/User/mc_app_hooks.o
LOAD ./Application/User/mc_config.o
LOAD ./Application/User/mc_config_common.o
LOAD ./Application/User/mc_configuration_registers.o
LOAD ./Application/User/mc_interface.o
LOAD ./Application/User/mc_math.o
LOAD ./Application/User/mc_parameters.o
LOAD ./Application/User/mc_perf.o
LOAD ./Application/User/mc_tasks.o
LOAD ./Application/User/mc_tasks_foc.o
LOAD ./Application/User/motorcontrol.o
LOAD ./Application/User/opamp.o
LOAD ./Application/User/pwm_common.o
LOAD ./Application/User/pwm_curr_fdbk.o
LOAD ./Application/User/r1_ps_pwm_curr_fdbk.o
LOAD ./Application/User/regular_conversion_manager.o
LOAD ./Application/User/stm32_mc_common_it.o
LOAD ./Application/User/stm32g4xx_hal_msp.o
LOAD ./Application/User/stm32g4xx_it.o
LOAD ./Application/User/stm32g4xx_mc_it.o
LOAD ./Application/User/syscalls.o
LOAD ./Application/User/sysmem.o
LOAD ./Application/User/tim.o
LOAD ./Application/User/usart.o
LOAD ./Drivers/CMSIS/system_stm32g4xx.o
LOAD ./Drivers/STM32G4xx_HAL_Driver/stm32g4xx_hal.o
LOAD ./Drivers/STM32G4xx_HAL_Driver/stm32g4xx_hal_adc.o
LOAD ./Drivers/STM32G4xx_HAL_Driver/stm32g4xx_hal_adc_ex.o
LOAD ./Drivers/STM32G4xx_HAL_Driver/stm32g4xx_hal_cordic.o
LOAD ./Drivers/STM32G4xx_HAL_Driver/stm32g4xx_hal_cortex.o
LOAD ./Drivers/STM32G4xx_HAL_Driver/stm32g4xx_hal_dma.o
LOAD ./Drivers/STM32G4xx_HAL_Driver/stm32g4xx_hal_dma_ex.o
LOAD ./Drivers/STM32G4xx_HAL_Driver/stm32g4xx_hal_exti.o
LOAD ./Drivers/STM32G4xx_HAL_Driver/stm32g4xx_hal_flash.o
LOAD ./Drivers/STM32G4xx_HAL_Driver/stm32g4xx_hal_flash_ex.o
LOAD ./Drivers/STM32G4xx_HAL_Driver/stm32g4xx_hal_flash_ramfunc.o
LOAD ./Drivers/STM32G4xx_HAL_Driver/stm32g4xx_hal_gpio.o
LOAD ./Drivers/STM32G4xx_HAL_Driver/stm32g4xx_hal_i2c.o
LOAD ./Drivers/STM32G4xx_HAL_Driver/stm32g4xx_hal_i2c_ex.o
LOAD ./Drivers/STM32G4xx_HAL_Driver/stm32g4xx_hal_opamp.o
LOAD ./Drivers/STM32G4xx_HAL_Driver/stm32g4xx_hal_opamp_ex.o
LOAD ./Drivers/STM32G4xx_HAL_Driver/stm32g4xx_hal_pwr.o
LOAD ./Drivers/STM32G4xx_HAL_Driver/stm32g4xx_hal_pwr_ex.o
LOAD ./Drivers/STM32G4xx_HAL_Driver/stm32g4xx_hal_rcc.o
LOAD ./Drivers/STM32G4xx_HAL_Driver/stm32g4xx_hal_rcc_ex.o
LOAD ./Drivers/STM32G4xx_HAL_Driver/stm32g4xx_hal_tim.o
LOAD ./Drivers/STM32G4xx_HAL_Driver/stm32g4xx_hal_tim_ex.o
LOAD ./Drivers/STM32G4xx_HAL_Driver/stm32g4xx_ll_adc.o
LOAD ./Drivers/STM32G4xx_HAL_Driver/stm32g4xx_ll_dma.o
LOAD ./Drivers/STM32G4xx_HAL_Driver/stm32g4xx_ll_exti.o
LOAD ./Drivers/STM32G4xx_HAL_Driver/stm32g4xx_ll_gpio.o
LOAD ./Drivers/STM32G4xx_HAL_Driver/stm32g4xx_ll_rcc.o
LOAD ./Drivers/STM32G4xx_HAL_Driver/stm32g4xx_ll_usart.o
LOAD ./Drivers/STM32G4xx_HAL_Driver/stm32g4xx_ll_utils.o
LOAD ./Middlewares/MotorControl/bus_voltage_sensor.o
LOAD ./Middlewares/MotorControl/circle_limitation.o
LOAD ./Middlewares/MotorControl/digital_output.o
LOAD ./Middlewares/MotorControl/ntc_temperature_sensor.o
LOAD ./Middlewares/MotorControl/open_loop.o
LOAD ./Middlewares/MotorControl/pid_regulator.o
LOAD ./Middlewares/MotorControl/pqd_motor_power_measurement.o
LOAD ./Middlewares/MotorControl/ramp_ext_mngr.o
LOAD ./Middlewares/MotorControl/revup_ctrl.o
LOAD ./Middlewares/MotorControl/speed_pos_fdbk.o
LOAD ./Middlewares/MotorControl/speed_torq_ctrl.o
LOAD ./Middlewares/MotorControl/stspin32g4.o
LOAD ./Middlewares/MotorControl/virtual_bus_voltage_sensor.o
LOAD ./Middlewares/MotorControl/virtual_speed_sensor.o
START GROUP
LOAD C:/ST/STM32CubeIDE_1.18.0/STM32CubeIDE/plugins/com.st.stm32cube.ide.mcu.externaltools.gnu-tools-for-stm32.13.3.rel1.win32_1.0.0.202411081344/tools/bin/../lib/gcc/arm-none-eabi/13.3.1/../../../../arm-none-eabi/lib/thumb/v7e-m+fp/hard\libc_nano.a
LOAD C:/ST/STM32CubeIDE_1.18.0/STM32CubeIDE/plugins/com.st.stm32cube.ide.mcu.externaltools.gnu-tools-for-stm32.13.3.rel1.win32_1.0.0.202411081344/tools/bin/../lib/gcc/arm-none-eabi/13.3.1/../../../../arm-none-eabi/lib/thumb/v7e-m+fp/hard\libm.a
END GROUP
START GROUP
LOAD C:/ST/STM32CubeIDE_1.18.0/STM32CubeIDE/plugins/com.st.stm32cube.ide.mcu.externaltools.gnu-tools-for-stm32.13.3.rel1.win32_1.0.0.202411081344/tools/bin/../lib/gcc/arm-none-eabi/13.3.1/thumb/v7e-m+fp/hard\libgcc.a
LOAD C:/ST/STM32CubeIDE_1.18.0/STM32CubeIDE/plugins/com.st.stm32cube.ide.mcu.externaltools.gnu-tools-for-stm32.13.3.rel1.win32_1.0.0.202411081344/tools/bin/../lib/gcc/arm-none-eabi/13.3.1/../../../../arm-none-eabi/lib/thumb/v7e-m+fp/hard\libc_nano.a
END GROUP
START GROUP
LOAD C:/ST/STM32CubeIDE_1.18.0/STM32CubeIDE/plugins/com.st.stm32cube.ide.mcu.externaltools.gnu-tools-for-stm32.13.3.rel1.win32_1.0.0.202411081344/tools/bin/../lib/gcc/arm-none-eabi/13.3.1/thumb/v7e-m+fp/hard\libgcc.a
LOAD C:/ST/STM32CubeIDE_1.18.0/STM32CubeIDE/plugins/com.st.stm32cube.ide.mcu.externaltools.gnu-tools-for-stm32.13.3.rel1.win32_1.0.0.202411081344/tools/bin/../lib/gcc/arm-none-eabi/13.3.1/../../../../arm-none-eabi/lib/thumb/v7e-m+fp/hard\libc_nano.a
LOAD C:/ST/STM32CubeIDE_1.18.0/STM32CubeIDE/plugins/com.st.stm32cube.ide.mcu.externaltools.gnu-tools-for-stm32.13.3.rel1.win32_1.0.0.202411081344/tools/bin/../lib/gcc/arm-none-eabi/13.3.1/../../../../arm-none-eabi/lib/thumb/v7e-m+fp/hard\libnosys.a
END GROUP
START GROUP
LOAD C:/ST/STM32CubeIDE_1.18.0/STM32CubeIDE/plugins/com.st.stm32cube.ide.mcu.externaltools.gnu-tools-for-stm32.13.3.rel1.win32_1.0.0.202411081344/tools/bin/../lib/gcc/arm-none-eabi/13.3.1/thumb/v7e-m+fp/hard\libgcc.a
LOAD C:/ST/STM32CubeIDE_1.18.0/STM32CubeIDE/plugins/com.st.stm32cube.ide.mcu.externaltools.gnu-tools-for-stm32.13.3.rel1.win32_1.0.0.202411081344/tools/bin/../lib/gcc/arm-none-eabi/13.3.1/../../../../arm-none-eabi/lib/thumb/v7e-m+fp/hard\libc_nano.a
LOAD C:/ST/STM32CubeIDE_1.18.0/STM32CubeIDE/plugins/com.st.stm32cube.ide.mcu.externaltools.gnu-tools-for-stm32.13.3.rel1.win32_1.0.0.202411081344/tools/bin/../lib/gcc/arm-none-eabi/13.3.1/../../../../arm-none-eabi/lib/thumb/v7e-m+fp/hard\libnosys.a
END GROUP
LOAD C:/ST/STM32CubeIDE_1.18.0/STM32CubeIDE/plugins/com.st.stm32cube.ide.mcu.externaltools.gnu-tools-for-stm32.13.3.rel1.win32_1.0.0.202411081344/tools/bin/../lib/gcc/arm-none-eabi/13.3.1/thumb/v7e-m+fp/hard/crtend.o
LOAD C:/ST/STM32CubeIDE_1.18.0/STM32CubeIDE/plugins/com.st.stm32cube.ide.mcu.externaltools.gnu-tools-for-stm32.13.3.rel1.win32_1.0.0.202411081344/tools/bin/../lib/gcc/arm-none-eabi/13.3.1/thumb/v7e-m+fp/hard/crtn.o
                0x20008000                        _estack = (ORIGIN (RAM) + LENGTH (RAM))
                0x00000200                        _Min_Heap_Size = 0x200
                0x00000400                        _Min_Stack_Size = 0x400

.isr_vector     0x08000000      0x1d8
                0x08000000                        . = ALIGN (0x4)
 *(.isr_vector)
 .isr_vector    0x08000000      0x1d8 ./Application/Startup/startup_stm32g431vbtx.o
                0x08000000                g_pfnVectors
                0x080001d8                        . = ALIGN (0x4)

.text           0x080001d8     0x69a0
                0x080001d8                        . = ALIGN (0x4)
 *(.text)
 .text          0x080001d8       0x40 C:/ST/STM32CubeIDE_1.18.0/STM32CubeIDE/plugins/com.st.stm32cube.ide.mcu.externaltools.gnu-tools-for-stm32.13.3.rel1.win32_1.0.0.202411081344/tools/bin/../lib/gcc/arm-none-eabi/13.3.1/thumb/v7e-m+fp/hard/crtbegin.o
 *(.text*)
 .text.Reset_Handler
                0x08000218       0x50 ./Application/Startup/startup_stm32g431vbtx.o
                0x08000218                Reset_Handler
 .text.Default_Handler
                0x08000268        0x2 ./Application/Startup/startup_stm32g431vbtx.o
                0x08000268                RTC_Alarm_IRQHandler
                0x08000268                EXTI2_IRQHandler
                0x08000268                TIM8_TRG_COM_IRQHandler
                0x08000268                TIM8_CC_IRQHandler
                0x08000268                DebugMon_Handler
                0x08000268                TIM1_CC_IRQHandler
                0x08000268                USB_HP_IRQHandler
                0x08000268                CORDIC_IRQHandler
                0x08000268                PendSV_Handler
                0x08000268                NMI_Handler
                0x08000268                EXTI3_IRQHandler
                0x08000268                I2C3_ER_IRQHandler
                0x08000268                EXTI0_IRQHandler
                0x08000268                I2C2_EV_IRQHandler
                0x08000268                FPU_IRQHandler
                0x08000268                FDCAN1_IT1_IRQHandler
                0x08000268                UsageFault_Handler
                0x08000268                SPI1_IRQHandler
                0x08000268                TIM6_DAC_IRQHandler
                0x08000268                TIM8_UP_IRQHandler
                0x08000268                DMA2_Channel2_IRQHandler
                0x08000268                DMA1_Channel4_IRQHandler
                0x08000268                USART3_IRQHandler
                0x08000268                DMA2_Channel1_IRQHandler
                0x08000268                I2C1_EV_IRQHandler
                0x08000268                DMA1_Channel6_IRQHandler
                0x08000268                UART4_IRQHandler
                0x08000268                DMA2_Channel4_IRQHandler
                0x08000268                TIM3_IRQHandler
                0x08000268                RCC_IRQHandler
                0x08000268                Default_Handler
                0x08000268                RTC_TAMP_LSECSS_IRQHandler
                0x08000268                FMAC_IRQHandler
                0x08000268                TIM7_IRQHandler
                0x08000268                UCPD1_IRQHandler
                0x08000268                I2C3_EV_IRQHandler
                0x08000268                EXTI9_5_IRQHandler
                0x08000268                RTC_WKUP_IRQHandler
                0x08000268                PVD_PVM_IRQHandler
                0x08000268                SPI2_IRQHandler
                0x08000268                MemManage_Handler
                0x08000268                SVC_Handler
                0x08000268                DMA2_Channel5_IRQHandler
                0x08000268                CRS_IRQHandler
                0x08000268                DMA1_Channel5_IRQHandler
                0x08000268                USB_LP_IRQHandler
                0x08000268                EXTI4_IRQHandler
                0x08000268                RNG_IRQHandler
                0x08000268                TIM1_TRG_COM_TIM17_IRQHandler
                0x08000268                DMA1_Channel3_IRQHandler
                0x08000268                WWDG_IRQHandler
                0x08000268                LPUART1_IRQHandler
                0x08000268                DMA2_Channel6_IRQHandler
                0x08000268                FDCAN1_IT0_IRQHandler
                0x08000268                TIM2_IRQHandler
                0x08000268                COMP1_2_3_IRQHandler
                0x08000268                EXTI1_IRQHandler
                0x08000268                I2C2_ER_IRQHandler
                0x08000268                DMA1_Channel2_IRQHandler
                0x08000268                TIM8_BRK_IRQHandler
                0x08000268                FLASH_IRQHandler
                0x08000268                BusFault_Handler
                0x08000268                USART1_IRQHandler
                0x08000268                SPI3_IRQHandler
                0x08000268                I2C1_ER_IRQHandler
                0x08000268                LPTIM1_IRQHandler
                0x08000268                DMAMUX_OVR_IRQHandler
                0x08000268                USBWakeUp_IRQHandler
                0x08000268                SAI1_IRQHandler
                0x08000268                DMA2_Channel3_IRQHandler
                0x08000268                COMP4_IRQHandler
 *fill*         0x0800026a        0x2 
 .text.MX_ADC1_Init
                0x0800026c       0xcc ./Application/User/adc.o
                0x0800026c                MX_ADC1_Init
 .text.HAL_ADC_MspInit
                0x08000338       0x54 ./Application/User/adc.o
                0x08000338                HAL_ADC_MspInit
 .text.MX_CORDIC_Init
                0x0800038c       0x20 ./Application/User/cordic.o
                0x0800038c                MX_CORDIC_Init
 .text.HAL_CORDIC_MspInit
                0x080003ac       0x2c ./Application/User/cordic.o
                0x080003ac                HAL_CORDIC_MspInit
 .text.MX_DMA_Init
                0x080003d8       0x30 ./Application/User/dma.o
                0x080003d8                MX_DMA_Init
 .text.MX_GPIO_Init
                0x08000408      0x134 ./Application/User/gpio.o
                0x08000408                MX_GPIO_Init
 .text.HALL_Init
                0x0800053c      0x114 ./Application/User/hall_speed_pos_fdbk.o
                0x0800053c                HALL_Init
 .text.HALL_Clear
                0x08000650      0x134 ./Application/User/hall_speed_pos_fdbk.o
                0x08000650                HALL_Clear
 .text.HALL_CalcElAngle
                0x08000784       0x8c ./Application/User/hall_speed_pos_fdbk.o
                0x08000784                HALL_CalcElAngle
 .text.HALL_CalcAvrgMecSpeedUnit
                0x08000810       0x98 ./Application/User/hall_speed_pos_fdbk.o
                0x08000810                HALL_CalcAvrgMecSpeedUnit
 .text.HALL_TIMx_CC_IRQHandler
                0x080008a8      0x334 ./Application/User/hall_speed_pos_fdbk.o
                0x080008a8                HALL_TIMx_CC_IRQHandler
 .text.HALL_TIMx_UP_IRQHandler
                0x08000bdc      0x16c ./Application/User/hall_speed_pos_fdbk.o
                0x08000bdc                HALL_TIMx_UP_IRQHandler
 .text.MX_I2C3_Init
                0x08000d48       0x80 ./Application/User/i2c.o
                0x08000d48                MX_I2C3_Init
 .text.HAL_I2C_MspInit
                0x08000dc8       0x94 ./Application/User/i2c.o
                0x08000dc8                HAL_I2C_MspInit
 *fill*         0x08000e5c        0x4 
 .text.SystemClock_Config
                0x08000e60       0x78 ./Application/User/main.o
                0x08000e60                SystemClock_Config
 .text.startup.main
                0x08000ed8       0xb4 ./Application/User/main.o
                0x08000ed8                main
 .text.Error_Handler
                0x08000f8c        0x4 ./Application/User/main.o
                0x08000f8c                Error_Handler
 .text.MC_StartMotor1
                0x08000f90        0xc ./Application/User/mc_api.o
                0x08000f90                MC_StartMotor1
 .text.MC_StopMotor1
                0x08000f9c        0xc ./Application/User/mc_api.o
                0x08000f9c                MC_StopMotor1
 .text.MC_GetSTMStateMotor1
                0x08000fa8        0xc ./Application/User/mc_api.o
                0x08000fa8                MC_GetSTMStateMotor1
 .text.MC_APP_BootHook
                0x08000fb4        0x4 ./Application/User/mc_app_hooks.o
                0x08000fb4                MC_APP_BootHook
 .text.MC_APP_PostMediumFrequencyHook_M1
                0x08000fb8        0x4 ./Application/User/mc_app_hooks.o
                0x08000fb8                MC_APP_PostMediumFrequencyHook_M1
 .text.MCI_ExecSpeedRamp
                0x08000fbc       0x14 ./Application/User/mc_interface.o
                0x08000fbc                MCI_ExecSpeedRamp
 .text.MCI_FaultProcessing
                0x08000fd0       0x18 ./Application/User/mc_interface.o
                0x08000fd0                MCI_FaultProcessing
 .text.MCI_ExecBufferedCommands
                0x08000fe8       0x78 ./Application/User/mc_interface.o
                0x08000fe8                MCI_ExecBufferedCommands
 .text.MCI_GetSTMState
                0x08001060        0x4 ./Application/User/mc_interface.o
                0x08001060                MCI_GetSTMState
 .text.MCI_GetOccurredFaults
                0x08001064        0x4 ./Application/User/mc_interface.o
                0x08001064                MCI_GetOccurredFaults
 .text.MCI_GetCurrentFaults
                0x08001068        0x4 ./Application/User/mc_interface.o
                0x08001068                MCI_GetCurrentFaults
 .text.MCI_StartMotor
                0x0800106c       0x2c ./Application/User/mc_interface.o
                0x0800106c                MCI_StartMotor
 .text.MCI_StopMotor
                0x08001098       0x38 ./Application/User/mc_interface.o
                0x08001098                MCI_StopMotor
 .text.MCI_GetFaultState
                0x080010d0        0xc ./Application/User/mc_interface.o
                0x080010d0                MCI_GetFaultState
 .text.MCM_Clarke
                0x080010dc       0x54 ./Application/User/mc_math.o
                0x080010dc                MCM_Clarke
 .text.MCM_Trig_Functions
                0x08001130       0x20 ./Application/User/mc_math.o
                0x08001130                MCM_Trig_Functions
 .text.MCM_Park
                0x08001150       0x84 ./Application/User/mc_math.o
                0x08001150                MCM_Park
 .text.MCM_Rev_Park
                0x080011d4       0x3c ./Application/User/mc_math.o
                0x080011d4                MCM_Rev_Park
 .text.MCM_Sqrt
                0x08001210       0x20 ./Application/User/mc_math.o
                0x08001210                MCM_Sqrt
 .text.MCboot   0x08001230       0x84 ./Application/User/mc_tasks.o
                0x08001230                MCboot
 .text.TSK_SetChargeBootCapDelayM1
                0x080012b4        0xc ./Application/User/mc_tasks.o
                0x080012b4                TSK_SetChargeBootCapDelayM1
 .text.TSK_ChargeBootCapDelayHasElapsedM1
                0x080012c0       0x14 ./Application/User/mc_tasks.o
                0x080012c0                TSK_ChargeBootCapDelayHasElapsedM1
 .text.TSK_SetStopPermanencyTimeM1
                0x080012d4        0xc ./Application/User/mc_tasks.o
                0x080012d4                TSK_SetStopPermanencyTimeM1
 .text.TSK_StopPermanencyTimeHasElapsedM1
                0x080012e0       0x14 ./Application/User/mc_tasks.o
                0x080012e0                TSK_StopPermanencyTimeHasElapsedM1
 .text.TSK_HighFrequencyTask
                0x080012f4        0xc ./Application/User/mc_tasks.o
                0x080012f4                TSK_HighFrequencyTask
 .text.TSK_SafetyTask_PWMOFF
                0x08001300       0x48 ./Application/User/mc_tasks.o
                0x08001300                TSK_SafetyTask_PWMOFF
 .text.TSK_SafetyTask
                0x08001348       0x20 ./Application/User/mc_tasks.o
                0x08001348                TSK_SafetyTask
 .text.MC_RunMotorControlTasks
                0x08001368       0x58 ./Application/User/mc_tasks.o
                0x08001368                MC_RunMotorControlTasks
 .text.TSK_HardwareFaultTask
                0x080013c0       0x1c ./Application/User/mc_tasks.o
                0x080013c0                TSK_HardwareFaultTask
 .text.UI_HandleStartStopButton_cb
                0x080013dc       0x18 ./Application/User/mc_tasks.o
                0x080013dc                UI_HandleStartStopButton_cb
 .text.mc_lock_pins
                0x080013f4       0xe8 ./Application/User/mc_tasks.o
                0x080013f4                mc_lock_pins
 .text.FOC_Clear
                0x080014dc       0x74 ./Application/User/mc_tasks_foc.o
                0x080014dc                FOC_Clear
 .text.FOC_Init
                0x08001550       0xc4 ./Application/User/mc_tasks_foc.o
                0x08001550                FOC_Init
 .text.FOC_InitAdditionalMethods
                0x08001614        0x4 ./Application/User/mc_tasks_foc.o
                0x08001614                FOC_InitAdditionalMethods
 .text.FOC_CalcCurrRef
                0x08001618       0x44 ./Application/User/mc_tasks_foc.o
                0x08001618                FOC_CalcCurrRef
 .text.TSK_MediumFrequencyTaskM1
                0x0800165c      0x1b4 ./Application/User/mc_tasks_foc.o
                0x0800165c                TSK_MediumFrequencyTaskM1
 .text.FOC_HighFrequencyTask
                0x08001810       0xec ./Application/User/mc_tasks_foc.o
                0x08001810                FOC_HighFrequencyTask
 .text.MX_MotorControl_Init
                0x080018fc       0x3c ./Application/User/motorcontrol.o
                0x080018fc                MX_MotorControl_Init
 .text.MX_OPAMP1_Init
                0x08001938       0x3c ./Application/User/opamp.o
                0x08001938                MX_OPAMP1_Init
 *fill*         0x08001974        0x4 
 .text.HAL_OPAMP_MspInit
                0x08001978       0x5c ./Application/User/opamp.o
                0x08001978                HAL_OPAMP_MspInit
 .text.startTimers
                0x080019d4       0x9c ./Application/User/pwm_common.o
                0x080019d4                startTimers
 .text.waitForPolarizationEnd
                0x08001a70       0x3c ./Application/User/pwm_common.o
                0x08001a70                waitForPolarizationEnd
 .text.PWMC_SetPhaseVoltage
                0x08001aac      0x290 ./Application/User/pwm_curr_fdbk.o
                0x08001aac                PWMC_SetPhaseVoltage
 .text.PWMC_SwitchOffPWM
                0x08001d3c        0x4 ./Application/User/pwm_curr_fdbk.o
                0x08001d3c                PWMC_SwitchOffPWM
 .text.PWMC_SwitchOnPWM
                0x08001d40        0x4 ./Application/User/pwm_curr_fdbk.o
                0x08001d40                PWMC_SwitchOnPWM
 .text.PWMC_CurrentReadingCalibr
                0x08001d44       0x34 ./Application/User/pwm_curr_fdbk.o
                0x08001d44                PWMC_CurrentReadingCalibr
 .text.PWMC_CalcPhaseCurrentsEst
                0x08001d78       0x70 ./Application/User/pwm_curr_fdbk.o
                0x08001d78                PWMC_CalcPhaseCurrentsEst
 .text.PWMC_OVP_Handler
                0x08001de8       0x1c ./Application/User/pwm_curr_fdbk.o
                0x08001de8                PWMC_OVP_Handler
 .text.PWMC_IsFaultOccurred
                0x08001e04       0x38 ./Application/User/pwm_curr_fdbk.o
                0x08001e04                PWMC_IsFaultOccurred
 .text.R1_GetPhaseCurrents
                0x08001e3c      0x274 ./Application/User/r1_ps_pwm_curr_fdbk.o
                0x08001e3c                R1_GetPhaseCurrents
 .text.R1_HFCurrentsCalibration
                0x080020b0       0x48 ./Application/User/r1_ps_pwm_curr_fdbk.o
 .text.R1_SetADCSampPointPolarization
                0x080020f8       0x4c ./Application/User/r1_ps_pwm_curr_fdbk.o
 .text.R1_CalcDutyCycles
                0x08002144      0x33c ./Application/User/r1_ps_pwm_curr_fdbk.o
                0x08002144                R1_CalcDutyCycles
 .text.R1_Init  0x08002480      0x2c4 ./Application/User/r1_ps_pwm_curr_fdbk.o
                0x08002480                R1_Init
 .text.R1_SetOffsetCalib
                0x08002744       0x10 ./Application/User/r1_ps_pwm_curr_fdbk.o
                0x08002744                R1_SetOffsetCalib
 .text.R1_GetOffsetCalib
                0x08002754        0x8 ./Application/User/r1_ps_pwm_curr_fdbk.o
                0x08002754                R1_GetOffsetCalib
 .text.R1_TurnOnLowSides
                0x0800275c       0x54 ./Application/User/r1_ps_pwm_curr_fdbk.o
                0x0800275c                R1_TurnOnLowSides
 .text.R1_SwitchOnPWM
                0x080027b0      0x138 ./Application/User/r1_ps_pwm_curr_fdbk.o
                0x080027b0                R1_SwitchOnPWM
 .text.R1_SwitchOffPWM
                0x080028e8      0x13c ./Application/User/r1_ps_pwm_curr_fdbk.o
                0x080028e8                R1_SwitchOffPWM
 .text.R1_CurrentReadingCalibration
                0x08002a24      0x10c ./Application/User/r1_ps_pwm_curr_fdbk.o
                0x08002a24                R1_CurrentReadingCalibration
 .text.R1_TIMx_UP_IRQHandler
                0x08002b30        0x4 ./Application/User/r1_ps_pwm_curr_fdbk.o
                0x08002b30                R1_TIMx_UP_IRQHandler
 .text.R1_DMAx_TC_IRQHandler
                0x08002b34       0x6c ./Application/User/r1_ps_pwm_curr_fdbk.o
                0x08002b34                R1_DMAx_TC_IRQHandler
 .text.R1_DMAx_HT_IRQHandler
                0x08002ba0       0x10 ./Application/User/r1_ps_pwm_curr_fdbk.o
                0x08002ba0                R1_DMAx_HT_IRQHandler
 .text.RCM_ExecRegularConv
                0x08002bb0      0x190 ./Application/User/regular_conversion_manager.o
                0x08002bb0                RCM_ExecRegularConv
 .text.RCM_ExecUserConv
                0x08002d40       0x68 ./Application/User/regular_conversion_manager.o
                0x08002d40                RCM_ExecUserConv
 .text.RCM_ExecNextConv
                0x08002da8       0x88 ./Application/User/regular_conversion_manager.o
                0x08002da8                RCM_ExecNextConv
 .text.RCM_ReadOngoingConv
                0x08002e30       0x58 ./Application/User/regular_conversion_manager.o
                0x08002e30                RCM_ReadOngoingConv
 .text.HardFault_Handler
                0x08002e88        0x8 ./Application/User/stm32_mc_common_it.o
                0x08002e88                HardFault_Handler
 .text.SysTick_Handler
                0x08002e90       0x30 ./Application/User/stm32_mc_common_it.o
                0x08002e90                SysTick_Handler
 .text.EXTI15_10_IRQHandler
                0x08002ec0       0x18 ./Application/User/stm32_mc_common_it.o
                0x08002ec0                EXTI15_10_IRQHandler
 .text.HAL_MspInit
                0x08002ed8       0x40 ./Application/User/stm32g4xx_hal_msp.o
                0x08002ed8                HAL_MspInit
 .text.USART2_IRQHandler
                0x08002f18        0x4 ./Application/User/stm32g4xx_it.o
                0x08002f18                USART2_IRQHandler
 .text.ADC1_2_IRQHandler
                0x08002f1c        0xc ./Application/User/stm32g4xx_mc_it.o
                0x08002f1c                ADC1_2_IRQHandler
 .text.TIM4_IRQHandler
                0x08002f28       0x38 ./Application/User/stm32g4xx_mc_it.o
                0x08002f28                TIM4_IRQHandler
 .text.TIM1_UP_TIM16_IRQHandler
                0x08002f60       0x18 ./Application/User/stm32g4xx_mc_it.o
                0x08002f60                TIM1_UP_TIM16_IRQHandler
 .text.TIM1_BRK_TIM15_IRQHandler
                0x08002f78       0x3c ./Application/User/stm32g4xx_mc_it.o
                0x08002f78                TIM1_BRK_TIM15_IRQHandler
 .text.DMA1_Channel1_IRQHandler
                0x08002fb4       0x40 ./Application/User/stm32g4xx_mc_it.o
                0x08002fb4                DMA1_Channel1_IRQHandler
 .text.MX_TIM1_Init
                0x08002ff4      0x1a8 ./Application/User/tim.o
                0x08002ff4                MX_TIM1_Init
 .text.MX_TIM4_Init
                0x0800319c       0x9c ./Application/User/tim.o
                0x0800319c                MX_TIM4_Init
 .text.HAL_TIM_PWM_MspInit
                0x08003238       0x74 ./Application/User/tim.o
                0x08003238                HAL_TIM_PWM_MspInit
 .text.HAL_TIM_Base_MspInit
                0x080032ac       0x68 ./Application/User/tim.o
                0x080032ac                HAL_TIM_Base_MspInit
 .text.MX_USART2_UART_Init
                0x08003314      0x13c ./Application/User/usart.o
                0x08003314                MX_USART2_UART_Init
 .text.MX_USART3_UART_Init
                0x08003450      0x12c ./Application/User/usart.o
                0x08003450                MX_USART3_UART_Init
 .text.SystemInit
                0x0800357c       0x14 ./Drivers/CMSIS/system_stm32g4xx.o
                0x0800357c                SystemInit
 .text.HAL_InitTick
                0x08003590       0x4c ./Drivers/STM32G4xx_HAL_Driver/stm32g4xx_hal.o
                0x08003590                HAL_InitTick
 .text.HAL_Init
                0x080035dc       0x30 ./Drivers/STM32G4xx_HAL_Driver/stm32g4xx_hal.o
                0x080035dc                HAL_Init
 .text.HAL_IncTick
                0x0800360c       0x18 ./Drivers/STM32G4xx_HAL_Driver/stm32g4xx_hal.o
                0x0800360c                HAL_IncTick
 .text.HAL_GetTick
                0x08003624        0xc ./Drivers/STM32G4xx_HAL_Driver/stm32g4xx_hal.o
                0x08003624                HAL_GetTick
 .text.HAL_ADC_Init
                0x08003630      0x1e8 ./Drivers/STM32G4xx_HAL_Driver/stm32g4xx_hal_adc.o
                0x08003630                HAL_ADC_Init
 .text.HAL_ADCEx_InjectedConfigChannel
                0x08003818      0x5fc ./Drivers/STM32G4xx_HAL_Driver/stm32g4xx_hal_adc_ex.o
                0x08003818                HAL_ADCEx_InjectedConfigChannel
 .text.HAL_ADCEx_MultiModeConfigChannel
                0x08003e14       0xc8 ./Drivers/STM32G4xx_HAL_Driver/stm32g4xx_hal_adc_ex.o
                0x08003e14                HAL_ADCEx_MultiModeConfigChannel
 .text.HAL_CORDIC_Init
                0x08003edc       0x34 ./Drivers/STM32G4xx_HAL_Driver/stm32g4xx_hal_cordic.o
                0x08003edc                HAL_CORDIC_Init
 .text.HAL_NVIC_SetPriorityGrouping
                0x08003f10       0x24 ./Drivers/STM32G4xx_HAL_Driver/stm32g4xx_hal_cortex.o
                0x08003f10                HAL_NVIC_SetPriorityGrouping
 .text.HAL_NVIC_SetPriority
                0x08003f34       0x78 ./Drivers/STM32G4xx_HAL_Driver/stm32g4xx_hal_cortex.o
                0x08003f34                HAL_NVIC_SetPriority
 .text.HAL_NVIC_EnableIRQ
                0x08003fac       0x1c ./Drivers/STM32G4xx_HAL_Driver/stm32g4xx_hal_cortex.o
                0x08003fac                HAL_NVIC_EnableIRQ
 .text.HAL_SYSTICK_Config
                0x08003fc8       0x34 ./Drivers/STM32G4xx_HAL_Driver/stm32g4xx_hal_cortex.o
                0x08003fc8                HAL_SYSTICK_Config
 .text.HAL_SYSTICK_Callback
                0x08003ffc        0x4 ./Drivers/STM32G4xx_HAL_Driver/stm32g4xx_hal_cortex.o
                0x08003ffc                HAL_SYSTICK_Callback
 .text.HAL_SYSTICK_IRQHandler
                0x08004000        0x8 ./Drivers/STM32G4xx_HAL_Driver/stm32g4xx_hal_cortex.o
                0x08004000                HAL_SYSTICK_IRQHandler
 .text.HAL_DMA_Init
                0x08004008      0x124 ./Drivers/STM32G4xx_HAL_Driver/stm32g4xx_hal_dma.o
                0x08004008                HAL_DMA_Init
 .text.HAL_GPIO_Init
                0x0800412c      0x37c ./Drivers/STM32G4xx_HAL_Driver/stm32g4xx_hal_gpio.o
                0x0800412c                HAL_GPIO_Init
 .text.HAL_GPIO_WritePin
                0x080044a8        0xc ./Drivers/STM32G4xx_HAL_Driver/stm32g4xx_hal_gpio.o
                0x080044a8                HAL_GPIO_WritePin
 .text.HAL_I2C_Init
                0x080044b4       0xb4 ./Drivers/STM32G4xx_HAL_Driver/stm32g4xx_hal_i2c.o
                0x080044b4                HAL_I2C_Init
 .text.HAL_I2CEx_ConfigAnalogFilter
                0x08004568       0x54 ./Drivers/STM32G4xx_HAL_Driver/stm32g4xx_hal_i2c_ex.o
                0x08004568                HAL_I2CEx_ConfigAnalogFilter
 .text.HAL_I2CEx_ConfigDigitalFilter
                0x080045bc       0x58 ./Drivers/STM32G4xx_HAL_Driver/stm32g4xx_hal_i2c_ex.o
                0x080045bc                HAL_I2CEx_ConfigDigitalFilter
 .text.HAL_I2CEx_EnableFastModePlus
                0x08004614       0x2c ./Drivers/STM32G4xx_HAL_Driver/stm32g4xx_hal_i2c_ex.o
                0x08004614                HAL_I2CEx_EnableFastModePlus
 .text.HAL_OPAMP_Init
                0x08004640       0xf0 ./Drivers/STM32G4xx_HAL_Driver/stm32g4xx_hal_opamp.o
                0x08004640                HAL_OPAMP_Init
 .text.HAL_PWREx_ControlVoltageScaling
                0x08004730       0xe4 ./Drivers/STM32G4xx_HAL_Driver/stm32g4xx_hal_pwr_ex.o
                0x08004730                HAL_PWREx_ControlVoltageScaling
 .text.HAL_PWREx_DisableUCPDDeadBattery
                0x08004814       0x10 ./Drivers/STM32G4xx_HAL_Driver/stm32g4xx_hal_pwr_ex.o
                0x08004814                HAL_PWREx_DisableUCPDDeadBattery
 .text.HAL_RCC_OscConfig
                0x08004824      0x48c ./Drivers/STM32G4xx_HAL_Driver/stm32g4xx_hal_rcc.o
                0x08004824                HAL_RCC_OscConfig
 .text.HAL_RCC_GetSysClockFreq
                0x08004cb0       0x70 ./Drivers/STM32G4xx_HAL_Driver/stm32g4xx_hal_rcc.o
                0x08004cb0                HAL_RCC_GetSysClockFreq
 .text.HAL_RCC_ClockConfig
                0x08004d20      0x208 ./Drivers/STM32G4xx_HAL_Driver/stm32g4xx_hal_rcc.o
                0x08004d20                HAL_RCC_ClockConfig
 .text.HAL_RCC_GetHCLKFreq
                0x08004f28        0xc ./Drivers/STM32G4xx_HAL_Driver/stm32g4xx_hal_rcc.o
                0x08004f28                HAL_RCC_GetHCLKFreq
 .text.HAL_RCCEx_PeriphCLKConfig
                0x08004f34      0x29c ./Drivers/STM32G4xx_HAL_Driver/stm32g4xx_hal_rcc_ex.o
                0x08004f34                HAL_RCCEx_PeriphCLKConfig
 .text.TIM_OC1_SetConfig
                0x080051d0       0x78 ./Drivers/STM32G4xx_HAL_Driver/stm32g4xx_hal_tim.o
 .text.TIM_OC3_SetConfig
                0x08005248       0x80 ./Drivers/STM32G4xx_HAL_Driver/stm32g4xx_hal_tim.o
 .text.TIM_OC4_SetConfig
                0x080052c8       0x84 ./Drivers/STM32G4xx_HAL_Driver/stm32g4xx_hal_tim.o
 .text.HAL_TIM_Base_Init
                0x0800534c       0xfc ./Drivers/STM32G4xx_HAL_Driver/stm32g4xx_hal_tim.o
                0x0800534c                HAL_TIM_Base_Init
 .text.HAL_TIM_PWM_Init
                0x08005448       0xfc ./Drivers/STM32G4xx_HAL_Driver/stm32g4xx_hal_tim.o
                0x08005448                HAL_TIM_PWM_Init
 .text.HAL_TIM_ConfigClockSource
                0x08005544      0x1a0 ./Drivers/STM32G4xx_HAL_Driver/stm32g4xx_hal_tim.o
                0x08005544                HAL_TIM_ConfigClockSource
 .text.TIM_Base_SetConfig
                0x080056e4       0xa4 ./Drivers/STM32G4xx_HAL_Driver/stm32g4xx_hal_tim.o
                0x080056e4                TIM_Base_SetConfig
 .text.TIM_OC2_SetConfig
                0x08005788       0x84 ./Drivers/STM32G4xx_HAL_Driver/stm32g4xx_hal_tim.o
                0x08005788                TIM_OC2_SetConfig
 .text.HAL_TIM_PWM_ConfigChannel
                0x0800580c      0x1cc ./Drivers/STM32G4xx_HAL_Driver/stm32g4xx_hal_tim.o
                0x0800580c                HAL_TIM_PWM_ConfigChannel
 .text.TIM_TI1_SetConfig
                0x080059d8       0x68 ./Drivers/STM32G4xx_HAL_Driver/stm32g4xx_hal_tim.o
                0x080059d8                TIM_TI1_SetConfig
 .text.HAL_TIMEx_HallSensor_MspInit
                0x08005a40        0x4 ./Drivers/STM32G4xx_HAL_Driver/stm32g4xx_hal_tim_ex.o
                0x08005a40                HAL_TIMEx_HallSensor_MspInit
 .text.HAL_TIMEx_HallSensor_Init
                0x08005a44       0xd4 ./Drivers/STM32G4xx_HAL_Driver/stm32g4xx_hal_tim_ex.o
                0x08005a44                HAL_TIMEx_HallSensor_Init
 .text.HAL_TIMEx_MasterConfigSynchronization
                0x08005b18       0xa4 ./Drivers/STM32G4xx_HAL_Driver/stm32g4xx_hal_tim_ex.o
                0x08005b18                HAL_TIMEx_MasterConfigSynchronization
 .text.HAL_TIMEx_ConfigBreakDeadTime
                0x08005bbc       0x9c ./Drivers/STM32G4xx_HAL_Driver/stm32g4xx_hal_tim_ex.o
                0x08005bbc                HAL_TIMEx_ConfigBreakDeadTime
 .text.LL_GPIO_Init
                0x08005c58      0x170 ./Drivers/STM32G4xx_HAL_Driver/stm32g4xx_ll_gpio.o
                0x08005c58                LL_GPIO_Init
 .text.LL_RCC_GetSystemClocksFreq
                0x08005dc8       0xa4 ./Drivers/STM32G4xx_HAL_Driver/stm32g4xx_ll_rcc.o
                0x08005dc8                LL_RCC_GetSystemClocksFreq
 .text.LL_RCC_GetUSARTClockFreq
                0x08005e6c      0x1d8 ./Drivers/STM32G4xx_HAL_Driver/stm32g4xx_ll_rcc.o
                0x08005e6c                LL_RCC_GetUSARTClockFreq
 .text.LL_RCC_GetUARTClockFreq
                0x08006044      0x114 ./Drivers/STM32G4xx_HAL_Driver/stm32g4xx_ll_rcc.o
                0x08006044                LL_RCC_GetUARTClockFreq
 .text.LL_USART_Init
                0x08006158       0xf0 ./Drivers/STM32G4xx_HAL_Driver/stm32g4xx_ll_usart.o
                0x08006158                LL_USART_Init
 .text.Circle_Limitation
                0x08006248       0x5c ./Middlewares/MotorControl/circle_limitation.o
                0x08006248                Circle_Limitation
 .text.NTC_Init
                0x080062a4       0x24 ./Middlewares/MotorControl/ntc_temperature_sensor.o
                0x080062a4                NTC_Init
 .text.PID_HandleInit
                0x080062c8       0x10 ./Middlewares/MotorControl/pid_regulator.o
                0x080062c8                PID_HandleInit
 .text.PID_SetIntegralTerm
                0x080062d8        0x4 ./Middlewares/MotorControl/pid_regulator.o
                0x080062d8                PID_SetIntegralTerm
 .text.PI_Controller
                0x080062dc       0x80 ./Middlewares/MotorControl/pid_regulator.o
                0x080062dc                PI_Controller
 .text.PQD_CalcElMotorPower
                0x0800635c       0x38 ./Middlewares/MotorControl/pqd_motor_power_measurement.o
                0x0800635c                PQD_CalcElMotorPower
 .text.REMNG_Init
                0x08006394       0x10 ./Middlewares/MotorControl/ramp_ext_mngr.o
                0x08006394                REMNG_Init
 .text.SPD_GetAvrgMecSpeedUnit
                0x080063a4        0x8 ./Middlewares/MotorControl/speed_pos_fdbk.o
                0x080063a4                SPD_GetAvrgMecSpeedUnit
 .text.SPD_IsMecSpeedReliable
                0x080063ac       0x6c ./Middlewares/MotorControl/speed_pos_fdbk.o
                0x080063ac                SPD_IsMecSpeedReliable
 .text.STC_Init
                0x08006418       0x2c ./Middlewares/MotorControl/speed_torq_ctrl.o
                0x08006418                STC_Init
 .text.STC_Clear
                0x08006444       0x10 ./Middlewares/MotorControl/speed_torq_ctrl.o
                0x08006444                STC_Clear
 .text.STC_SetControlMode
                0x08006454        0x8 ./Middlewares/MotorControl/speed_torq_ctrl.o
                0x08006454                STC_SetControlMode
 .text.STC_ExecRamp
                0x0800645c       0x90 ./Middlewares/MotorControl/speed_torq_ctrl.o
                0x0800645c                STC_ExecRamp
 .text.STC_CalcTorqueReference
                0x080064ec       0x6c ./Middlewares/MotorControl/speed_torq_ctrl.o
                0x080064ec                STC_CalcTorqueReference
 .text.STC_GetMecSpeedRefUnitDefault
                0x08006558        0x8 ./Middlewares/MotorControl/speed_torq_ctrl.o
                0x08006558                STC_GetMecSpeedRefUnitDefault
 .text.STC_GetDefaultIqdref
                0x08006560        0xc ./Middlewares/MotorControl/speed_torq_ctrl.o
                0x08006560                STC_GetDefaultIqdref
 .text.STC_ForceSpeedReferenceToCurrentSpeed
                0x0800656c       0x10 ./Middlewares/MotorControl/speed_torq_ctrl.o
                0x0800656c                STC_ForceSpeedReferenceToCurrentSpeed
 .text.STSPIN32G4_readReg.part.0
                0x0800657c      0x110 ./Middlewares/MotorControl/stspin32g4.o
 .text.STSPIN32G4_writeReg.part.0
                0x0800668c      0x10c ./Middlewares/MotorControl/stspin32g4.o
 .text.STSPIN32G4_init
                0x08006798       0x14 ./Middlewares/MotorControl/stspin32g4.o
                0x08006798                STSPIN32G4_init
 .text.STSPIN32G4_setVCC
                0x080067ac      0x1a4 ./Middlewares/MotorControl/stspin32g4.o
                0x080067ac                STSPIN32G4_setVCC
 .text.STSPIN32G4_setVDSP
                0x08006950      0x144 ./Middlewares/MotorControl/stspin32g4.o
                0x08006950                STSPIN32G4_setVDSP
 .text.STSPIN32G4_clearFaults
                0x08006a94       0x14 ./Middlewares/MotorControl/stspin32g4.o
                0x08006a94                STSPIN32G4_clearFaults
 .text.STSPIN32G4_reset
                0x08006aa8       0x4c ./Middlewares/MotorControl/stspin32g4.o
                0x08006aa8                STSPIN32G4_reset
 .text.VVBS_Init
                0x08006af4       0x14 ./Middlewares/MotorControl/virtual_bus_voltage_sensor.o
                0x08006af4                VVBS_Init
 .text.memset   0x08006b08       0x10 C:/ST/STM32CubeIDE_1.18.0/STM32CubeIDE/plugins/com.st.stm32cube.ide.mcu.externaltools.gnu-tools-for-stm32.13.3.rel1.win32_1.0.0.202411081344/tools/bin/../lib/gcc/arm-none-eabi/13.3.1/../../../../arm-none-eabi/lib/thumb/v7e-m+fp/hard\libc_nano.a(libc_a-memset.o)
                0x08006b08                memset
 .text.__libc_init_array
                0x08006b18       0x48 C:/ST/STM32CubeIDE_1.18.0/STM32CubeIDE/plugins/com.st.stm32cube.ide.mcu.externaltools.gnu-tools-for-stm32.13.3.rel1.win32_1.0.0.202411081344/tools/bin/../lib/gcc/arm-none-eabi/13.3.1/../../../../arm-none-eabi/lib/thumb/v7e-m+fp/hard\libc_nano.a(libc_a-init.o)
                0x08006b18                __libc_init_array
 *(.glue_7)
 .glue_7        0x08006b60        0x0 linker stubs
 *(.glue_7t)
 .glue_7t       0x08006b60        0x0 linker stubs
 *(.eh_frame)
 .eh_frame      0x08006b60        0x0 C:/ST/STM32CubeIDE_1.18.0/STM32CubeIDE/plugins/com.st.stm32cube.ide.mcu.externaltools.gnu-tools-for-stm32.13.3.rel1.win32_1.0.0.202411081344/tools/bin/../lib/gcc/arm-none-eabi/13.3.1/thumb/v7e-m+fp/hard/crtbegin.o
 *(.init)
 .init          0x08006b60        0x4 C:/ST/STM32CubeIDE_1.18.0/STM32CubeIDE/plugins/com.st.stm32cube.ide.mcu.externaltools.gnu-tools-for-stm32.13.3.rel1.win32_1.0.0.202411081344/tools/bin/../lib/gcc/arm-none-eabi/13.3.1/thumb/v7e-m+fp/hard/crti.o
                0x08006b60                _init
 .init          0x08006b64        0x8 C:/ST/STM32CubeIDE_1.18.0/STM32CubeIDE/plugins/com.st.stm32cube.ide.mcu.externaltools.gnu-tools-for-stm32.13.3.rel1.win32_1.0.0.202411081344/tools/bin/../lib/gcc/arm-none-eabi/13.3.1/thumb/v7e-m+fp/hard/crtn.o
 *(.fini)
 .fini          0x08006b6c        0x4 C:/ST/STM32CubeIDE_1.18.0/STM32CubeIDE/plugins/com.st.stm32cube.ide.mcu.externaltools.gnu-tools-for-stm32.13.3.rel1.win32_1.0.0.202411081344/tools/bin/../lib/gcc/arm-none-eabi/13.3.1/thumb/v7e-m+fp/hard/crti.o
                0x08006b6c                _fini
 .fini          0x08006b70        0x8 C:/ST/STM32CubeIDE_1.18.0/STM32CubeIDE/plugins/com.st.stm32cube.ide.mcu.externaltools.gnu-tools-for-stm32.13.3.rel1.win32_1.0.0.202411081344/tools/bin/../lib/gcc/arm-none-eabi/13.3.1/thumb/v7e-m+fp/hard/crtn.o
                0x08006b78                        . = ALIGN (0x4)
                0x08006b78                        _etext = .

.vfp11_veneer   0x08006b78        0x0
 .vfp11_veneer  0x08006b78        0x0 linker stubs

.v4_bx          0x08006b78        0x0
 .v4_bx         0x08006b78        0x0 linker stubs

.iplt           0x08006b78        0x0
 .iplt          0x08006b78        0x0 C:/ST/STM32CubeIDE_1.18.0/STM32CubeIDE/plugins/com.st.stm32cube.ide.mcu.externaltools.gnu-tools-for-stm32.13.3.rel1.win32_1.0.0.202411081344/tools/bin/../lib/gcc/arm-none-eabi/13.3.1/thumb/v7e-m+fp/hard/crtbegin.o

.rodata         0x08006b78       0x74
                0x08006b78                        . = ALIGN (0x4)
 *(.rodata)
 *(.rodata*)
 .rodata.R1_ParamsM1
                0x08006b78       0x20 ./Application/User/mc_parameters.o
                0x08006b78                R1_ParamsM1
 .rodata.ALFLAG.0
                0x08006b98        0x3 ./Application/User/r1_ps_pwm_curr_fdbk.o
 *fill*         0x08006b9b        0x1 
 .rodata.CHANNEL_OFFSET_TAB
                0x08006b9c        0x6 ./Application/User/r1_ps_pwm_curr_fdbk.o
 *fill*         0x08006ba2        0x2 
 .rodata.APBPrescTable
                0x08006ba4        0x8 ./Drivers/CMSIS/system_stm32g4xx.o
                0x08006ba4                APBPrescTable
 .rodata.AHBPrescTable
                0x08006bac       0x10 ./Drivers/CMSIS/system_stm32g4xx.o
                0x08006bac                AHBPrescTable
 .rodata.USART_PRESCALER_TAB
                0x08006bbc       0x30 ./Drivers/STM32G4xx_HAL_Driver/stm32g4xx_ll_usart.o
                0x08006bec                        . = ALIGN (0x4)

.ARM.extab      0x08006bec        0x0
                0x08006bec                        . = ALIGN (0x4)
 *(.ARM.extab* .gnu.linkonce.armextab.*)
                0x08006bec                        . = ALIGN (0x4)

.ARM            0x08006bec        0x0
                0x08006bec                        . = ALIGN (0x4)
                0x08006bec                        __exidx_start = .
 *(.ARM.exidx*)
                0x08006bec                        __exidx_end = .
                0x08006bec                        . = ALIGN (0x4)

.preinit_array  0x08006bec        0x0
                0x08006bec                        . = ALIGN (0x4)
                0x08006bec                        PROVIDE (__preinit_array_start = .)
 *(.preinit_array*)
                0x08006bec                        PROVIDE (__preinit_array_end = .)
                0x08006bec                        . = ALIGN (0x4)

.init_array     0x08006bec        0x4
                0x08006bec                        . = ALIGN (0x4)
                0x08006bec                        PROVIDE (__init_array_start = .)
 *(SORT_BY_NAME(.init_array.*))
 *(.init_array*)
 .init_array    0x08006bec        0x4 C:/ST/STM32CubeIDE_1.18.0/STM32CubeIDE/plugins/com.st.stm32cube.ide.mcu.externaltools.gnu-tools-for-stm32.13.3.rel1.win32_1.0.0.202411081344/tools/bin/../lib/gcc/arm-none-eabi/13.3.1/thumb/v7e-m+fp/hard/crtbegin.o
                0x08006bf0                        PROVIDE (__init_array_end = .)
                0x08006bf0                        . = ALIGN (0x4)

.fini_array     0x08006bf0        0x4
                0x08006bf0                        . = ALIGN (0x4)
                [!provide]                        PROVIDE (__fini_array_start = .)
 *(SORT_BY_NAME(.fini_array.*))
 *(.fini_array*)
 .fini_array    0x08006bf0        0x4 C:/ST/STM32CubeIDE_1.18.0/STM32CubeIDE/plugins/com.st.stm32cube.ide.mcu.externaltools.gnu-tools-for-stm32.13.3.rel1.win32_1.0.0.202411081344/tools/bin/../lib/gcc/arm-none-eabi/13.3.1/thumb/v7e-m+fp/hard/crtbegin.o
                [!provide]                        PROVIDE (__fini_array_end = .)
                0x08006bf4                        . = ALIGN (0x4)
                0x08006bf4                        _sidata = LOADADDR (.data)

.rel.dyn        0x08006bf4        0x0
 .rel.iplt      0x08006bf4        0x0 C:/ST/STM32CubeIDE_1.18.0/STM32CubeIDE/plugins/com.st.stm32cube.ide.mcu.externaltools.gnu-tools-for-stm32.13.3.rel1.win32_1.0.0.202411081344/tools/bin/../lib/gcc/arm-none-eabi/13.3.1/thumb/v7e-m+fp/hard/crtbegin.o

.data           0x20000000      0x2f8 load address 0x08006bf4
                0x20000000                        . = ALIGN (0x4)
                0x20000000                        _sdata = .
 *(.data)
 *(.data*)
 .data.Mci      0x20000000       0x28 ./Application/User/mc_config.o
                0x20000000                Mci
 .data.pMPM     0x20000028        0x4 ./Application/User/mc_config.o
                0x20000028                pMPM
 .data.pPIDId   0x2000002c        0x4 ./Application/User/mc_config.o
                0x2000002c                pPIDId
 .data.pPIDIq   0x20000030        0x4 ./Application/User/mc_config.o
                0x20000030                pPIDIq
 .data.pSTC     0x20000034        0x4 ./Application/User/mc_config.o
                0x20000034                pSTC
 .data.CircleLimitationM1
                0x20000038        0x4 ./Application/User/mc_config.o
                0x20000038                CircleLimitationM1
 .data.RampExtMngrHFParamsM1
                0x2000003c       0x18 ./Application/User/mc_config.o
                0x2000003c                RampExtMngrHFParamsM1
 .data.HALL_M1  0x20000054       0xcc ./Application/User/mc_config.o
                0x20000054                HALL_M1
 .data.PWM_Handle_M1
                0x20000120       0xc8 ./Application/User/mc_config.o
                0x20000120                PWM_Handle_M1
 .data.SpeednTorqCtrlM1
                0x200001e8       0x34 ./Application/User/mc_config.o
                0x200001e8                SpeednTorqCtrlM1
 .data.PIDIdHandle_M1
                0x2000021c       0x2c ./Application/User/mc_config.o
                0x2000021c                PIDIdHandle_M1
 .data.PIDIqHandle_M1
                0x20000248       0x2c ./Application/User/mc_config.o
                0x20000248                PIDIqHandle_M1
 .data.PIDSpeedHandle_M1
                0x20000274       0x2c ./Application/User/mc_config.o
                0x20000274                PIDSpeedHandle_M1
 .data.PQD_MotorPowMeasM1
                0x200002a0       0x10 ./Application/User/mc_config.o
                0x200002a0                PQD_MotorPowMeasM1
 .data.BusVoltageSensor_M1
                0x200002b0        0xc ./Application/User/mc_config_common.o
                0x200002b0                BusVoltageSensor_M1
 .data.TempSensor_M1
                0x200002bc       0x1c ./Application/User/mc_config_common.o
                0x200002bc                TempSensor_M1
 .data.scaleParams_M1
                0x200002d8       0x10 ./Application/User/mc_parameters.o
                0x200002d8                scaleParams_M1
 .data.SystickDividerCounter.0
                0x200002e8        0x1 ./Application/User/stm32_mc_common_it.o
 *fill*         0x200002e9        0x3 
 .data.SystemCoreClock
                0x200002ec        0x4 ./Drivers/CMSIS/system_stm32g4xx.o
                0x200002ec                SystemCoreClock
 .data.uwTickFreq
                0x200002f0        0x4 ./Drivers/STM32G4xx_HAL_Driver/stm32g4xx_hal.o
                0x200002f0                uwTickFreq
 .data.uwTickPrio
                0x200002f4        0x4 ./Drivers/STM32G4xx_HAL_Driver/stm32g4xx_hal.o
                0x200002f4                uwTickPrio
 *(.RamFunc)
 *(.RamFunc*)
                0x200002f8                        . = ALIGN (0x4)
                0x200002f8                        _edata = .

.igot.plt       0x200002f8        0x0 load address 0x08006eec
 .igot.plt      0x200002f8        0x0 C:/ST/STM32CubeIDE_1.18.0/STM32CubeIDE/plugins/com.st.stm32cube.ide.mcu.externaltools.gnu-tools-for-stm32.13.3.rel1.win32_1.0.0.202411081344/tools/bin/../lib/gcc/arm-none-eabi/13.3.1/thumb/v7e-m+fp/hard/crtbegin.o
                0x200002f8                        . = ALIGN (0x4)

.bss            0x200002f8      0x2d8 load address 0x08006eec
                0x200002f8                        _sbss = .
                0x200002f8                        __bss_start__ = _sbss
 *(.bss)
 .bss           0x200002f8       0x1c C:/ST/STM32CubeIDE_1.18.0/STM32CubeIDE/plugins/com.st.stm32cube.ide.mcu.externaltools.gnu-tools-for-stm32.13.3.rel1.win32_1.0.0.202411081344/tools/bin/../lib/gcc/arm-none-eabi/13.3.1/thumb/v7e-m+fp/hard/crtbegin.o
 *(.bss*)
 .bss.hadc1     0x20000314       0x6c ./Application/User/adc.o
                0x20000314                hadc1
 .bss.hcordic   0x20000380       0x28 ./Application/User/cordic.o
                0x20000380                hcordic
 .bss.hi2c3     0x200003a8       0x54 ./Application/User/i2c.o
                0x200003a8                hi2c3
 .bss.pREMNG    0x200003fc        0x4 ./Application/User/mc_config.o
                0x200003fc                pREMNG
 .bss.FOCVars   0x20000400       0x26 ./Application/User/mc_config.o
                0x20000400                FOCVars
 *fill*         0x20000426        0x2 
 .bss.pwmcHandle
                0x20000428        0x4 ./Application/User/mc_config_common.o
                0x20000428                pwmcHandle
 .bss.HdlSTSPING4
                0x2000042c        0x4 ./Application/User/mc_config_common.o
                0x2000042c                HdlSTSPING4
 .bss.bMCBootCompleted
                0x20000430        0x1 ./Application/User/mc_tasks.o
 *fill*         0x20000431        0x1 
 .bss.hStopPermanencyCounterM1
                0x20000432        0x2 ./Application/User/mc_tasks.o
 .bss.hBootCapDelayCounterM1
                0x20000434        0x2 ./Application/User/mc_tasks.o
 .bss.hMFTaskCounterM1
                0x20000436        0x2 ./Application/User/mc_tasks.o
 .bss.pMCI      0x20000438        0x4 ./Application/User/motorcontrol.o
                0x20000438                pMCI
 *fill*         0x2000043c        0x4 
 .bss.hopamp1   0x20000440       0x3c ./Application/User/opamp.o
                0x20000440                hopamp1
 .bss.RCM_UserConvHandle
                0x2000047c        0x4 ./Application/User/regular_conversion_manager.o
 .bss.RCM_UserConvState
                0x20000480        0x1 ./Application/User/regular_conversion_manager.o
 *fill*         0x20000481        0x1 
 .bss.RCM_UserConvValue
                0x20000482        0x2 ./Application/User/regular_conversion_manager.o
 .bss.RCM_currentHandle
                0x20000484        0x1 ./Application/User/regular_conversion_manager.o
 *fill*         0x20000485        0x3 
 .bss.RCM_NoInj_array
                0x20000488       0x18 ./Application/User/regular_conversion_manager.o
 .bss.RCM_CB_array
                0x200004a0       0x20 ./Application/User/regular_conversion_manager.o
 .bss.RCM_handle_array
                0x200004c0       0x10 ./Application/User/regular_conversion_manager.o
 .bss.hdma_tim1_ch4
                0x200004d0       0x60 ./Application/User/tim.o
                0x200004d0                hdma_tim1_ch4
 .bss.htim4     0x20000530       0x4c ./Application/User/tim.o
                0x20000530                htim4
 *fill*         0x2000057c        0x4 
 .bss.htim1     0x20000580       0x4c ./Application/User/tim.o
                0x20000580                htim1
 .bss.uwTick    0x200005cc        0x4 ./Drivers/STM32G4xx_HAL_Driver/stm32g4xx_hal.o
                0x200005cc                uwTick
 *(COMMON)
                0x200005d0                        . = ALIGN (0x4)
                0x200005d0                        _ebss = .
                0x200005d0                        __bss_end__ = _ebss

._user_heap_stack
                0x200005d0      0x600 load address 0x08006eec
                0x200005d0                        . = ALIGN (0x8)
                [!provide]                        PROVIDE (end = .)
                0x200005d0                        PROVIDE (_end = .)
                0x200007d0                        . = (. + _Min_Heap_Size)
 *fill*         0x200005d0      0x200 
                0x20000bd0                        . = (. + _Min_Stack_Size)
 *fill*         0x200007d0      0x400 
                0x20000bd0                        . = ALIGN (0x8)

/DISCARD/
 libc.a(*)
 libm.a(*)
 libgcc.a(*)

.ARM.attributes
                0x00000000       0x30
 *(.ARM.attributes)
 .ARM.attributes
                0x00000000       0x22 C:/ST/STM32CubeIDE_1.18.0/STM32CubeIDE/plugins/com.st.stm32cube.ide.mcu.externaltools.gnu-tools-for-stm32.13.3.rel1.win32_1.0.0.202411081344/tools/bin/../lib/gcc/arm-none-eabi/13.3.1/thumb/v7e-m+fp/hard/crti.o
 .ARM.attributes
                0x00000022       0x34 C:/ST/STM32CubeIDE_1.18.0/STM32CubeIDE/plugins/com.st.stm32cube.ide.mcu.externaltools.gnu-tools-for-stm32.13.3.rel1.win32_1.0.0.202411081344/tools/bin/../lib/gcc/arm-none-eabi/13.3.1/thumb/v7e-m+fp/hard/crtbegin.o
 .ARM.attributes
                0x00000056       0x21 ./Application/Startup/startup_stm32g431vbtx.o
 .ARM.attributes
                0x00000077       0x30 ./Application/User/adc.o
 .ARM.attributes
                0x000000a7       0x30 ./Application/User/cordic.o
 .ARM.attributes
                0x000000d7       0x30 ./Application/User/dma.o
 .ARM.attributes
                0x00000107       0x30 ./Application/User/gpio.o
 .ARM.attributes
                0x00000137       0x30 ./Application/User/hall_speed_pos_fdbk.o
 .ARM.attributes
                0x00000167       0x30 ./Application/User/i2c.o
 .ARM.attributes
                0x00000197       0x30 ./Application/User/main.o
 .ARM.attributes
                0x000001c7       0x30 ./Application/User/mc_api.o
 .ARM.attributes
                0x000001f7       0x30 ./Application/User/mc_app_hooks.o
 .ARM.attributes
                0x00000227       0x30 ./Application/User/mc_config.o
 .ARM.attributes
                0x00000257       0x30 ./Application/User/mc_config_common.o
 .ARM.attributes
                0x00000287       0x30 ./Application/User/mc_interface.o
 .ARM.attributes
                0x000002b7       0x30 ./Application/User/mc_math.o
 .ARM.attributes
                0x000002e7       0x30 ./Application/User/mc_parameters.o
 .ARM.attributes
                0x00000317       0x30 ./Application/User/mc_tasks.o
 .ARM.attributes
                0x00000347       0x30 ./Application/User/mc_tasks_foc.o
 .ARM.attributes
                0x00000377       0x30 ./Application/User/motorcontrol.o
 .ARM.attributes
                0x000003a7       0x30 ./Application/User/opamp.o
 .ARM.attributes
                0x000003d7       0x30 ./Application/User/pwm_common.o
 .ARM.attributes
                0x00000407       0x30 ./Application/User/pwm_curr_fdbk.o
 .ARM.attributes
                0x00000437       0x30 ./Application/User/r1_ps_pwm_curr_fdbk.o
 .ARM.attributes
                0x00000467       0x30 ./Application/User/regular_conversion_manager.o
 .ARM.attributes
                0x00000497       0x30 ./Application/User/stm32_mc_common_it.o
 .ARM.attributes
                0x000004c7       0x30 ./Application/User/stm32g4xx_hal_msp.o
 .ARM.attributes
                0x000004f7       0x30 ./Application/User/stm32g4xx_it.o
 .ARM.attributes
                0x00000527       0x30 ./Application/User/stm32g4xx_mc_it.o
 .ARM.attributes
                0x00000557       0x30 ./Application/User/tim.o
 .ARM.attributes
                0x00000587       0x30 ./Application/User/usart.o
 .ARM.attributes
                0x000005b7       0x30 ./Drivers/CMSIS/system_stm32g4xx.o
 .ARM.attributes
                0x000005e7       0x30 ./Drivers/STM32G4xx_HAL_Driver/stm32g4xx_hal.o
 .ARM.attributes
                0x00000617       0x30 ./Drivers/STM32G4xx_HAL_Driver/stm32g4xx_hal_adc.o
 .ARM.attributes
                0x00000647       0x30 ./Drivers/STM32G4xx_HAL_Driver/stm32g4xx_hal_adc_ex.o
 .ARM.attributes
                0x00000677       0x30 ./Drivers/STM32G4xx_HAL_Driver/stm32g4xx_hal_cordic.o
 .ARM.attributes
                0x000006a7       0x30 ./Drivers/STM32G4xx_HAL_Driver/stm32g4xx_hal_cortex.o
 .ARM.attributes
                0x000006d7       0x30 ./Drivers/STM32G4xx_HAL_Driver/stm32g4xx_hal_dma.o
 .ARM.attributes
                0x00000707       0x30 ./Drivers/STM32G4xx_HAL_Driver/stm32g4xx_hal_gpio.o
 .ARM.attributes
                0x00000737       0x30 ./Drivers/STM32G4xx_HAL_Driver/stm32g4xx_hal_i2c.o
 .ARM.attributes
                0x00000767       0x30 ./Drivers/STM32G4xx_HAL_Driver/stm32g4xx_hal_i2c_ex.o
 .ARM.attributes
                0x00000797       0x30 ./Drivers/STM32G4xx_HAL_Driver/stm32g4xx_hal_opamp.o
 .ARM.attributes
                0x000007c7       0x30 ./Drivers/STM32G4xx_HAL_Driver/stm32g4xx_hal_pwr_ex.o
 .ARM.attributes
                0x000007f7       0x30 ./Drivers/STM32G4xx_HAL_Driver/stm32g4xx_hal_rcc.o
 .ARM.attributes
                0x00000827       0x30 ./Drivers/STM32G4xx_HAL_Driver/stm32g4xx_hal_rcc_ex.o
 .ARM.attributes
                0x00000857       0x30 ./Drivers/STM32G4xx_HAL_Driver/stm32g4xx_hal_tim.o
 .ARM.attributes
                0x00000887       0x30 ./Drivers/STM32G4xx_HAL_Driver/stm32g4xx_hal_tim_ex.o
 .ARM.attributes
                0x000008b7       0x30 ./Drivers/STM32G4xx_HAL_Driver/stm32g4xx_ll_gpio.o
 .ARM.attributes
                0x000008e7       0x30 ./Drivers/STM32G4xx_HAL_Driver/stm32g4xx_ll_rcc.o
 .ARM.attributes
                0x00000917       0x30 ./Drivers/STM32G4xx_HAL_Driver/stm32g4xx_ll_usart.o
 .ARM.attributes
                0x00000947       0x30 ./Middlewares/MotorControl/circle_limitation.o
 .ARM.attributes
                0x00000977       0x30 ./Middlewares/MotorControl/ntc_temperature_sensor.o
 .ARM.attributes
                0x000009a7       0x30 ./Middlewares/MotorControl/pid_regulator.o
 .ARM.attributes
                0x000009d7       0x30 ./Middlewares/MotorControl/pqd_motor_power_measurement.o
 .ARM.attributes
                0x00000a07       0x30 ./Middlewares/MotorControl/ramp_ext_mngr.o
 .ARM.attributes
                0x00000a37       0x30 ./Middlewares/MotorControl/speed_pos_fdbk.o
 .ARM.attributes
                0x00000a67       0x30 ./Middlewares/MotorControl/speed_torq_ctrl.o
 .ARM.attributes
                0x00000a97       0x30 ./Middlewares/MotorControl/stspin32g4.o
 .ARM.attributes
                0x00000ac7       0x30 ./Middlewares/MotorControl/virtual_bus_voltage_sensor.o
 .ARM.attributes
                0x00000af7       0x34 C:/ST/STM32CubeIDE_1.18.0/STM32CubeIDE/plugins/com.st.stm32cube.ide.mcu.externaltools.gnu-tools-for-stm32.13.3.rel1.win32_1.0.0.202411081344/tools/bin/../lib/gcc/arm-none-eabi/13.3.1/../../../../arm-none-eabi/lib/thumb/v7e-m+fp/hard\libc_nano.a(libc_a-memset.o)
 .ARM.attributes
                0x00000b2b       0x34 C:/ST/STM32CubeIDE_1.18.0/STM32CubeIDE/plugins/com.st.stm32cube.ide.mcu.externaltools.gnu-tools-for-stm32.13.3.rel1.win32_1.0.0.202411081344/tools/bin/../lib/gcc/arm-none-eabi/13.3.1/../../../../arm-none-eabi/lib/thumb/v7e-m+fp/hard\libc_nano.a(libc_a-init.o)
 .ARM.attributes
                0x00000b5f       0x22 C:/ST/STM32CubeIDE_1.18.0/STM32CubeIDE/plugins/com.st.stm32cube.ide.mcu.externaltools.gnu-tools-for-stm32.13.3.rel1.win32_1.0.0.202411081344/tools/bin/../lib/gcc/arm-none-eabi/13.3.1/thumb/v7e-m+fp/hard/crtn.o
OUTPUT(EVSPIN32G4_SmartBed.elf elf32-littlearm)
LOAD linker stubs
LOAD C:/ST/STM32CubeIDE_1.18.0/STM32CubeIDE/plugins/com.st.stm32cube.ide.mcu.externaltools.gnu-tools-for-stm32.13.3.rel1.win32_1.0.0.202411081344/tools/bin/../lib/gcc/arm-none-eabi/13.3.1/../../../../arm-none-eabi/lib/thumb/v7e-m+fp/hard\libc.a
LOAD C:/ST/STM32CubeIDE_1.18.0/STM32CubeIDE/plugins/com.st.stm32cube.ide.mcu.externaltools.gnu-tools-for-stm32.13.3.rel1.win32_1.0.0.202411081344/tools/bin/../lib/gcc/arm-none-eabi/13.3.1/../../../../arm-none-eabi/lib/thumb/v7e-m+fp/hard\libm.a
LOAD C:/ST/STM32CubeIDE_1.18.0/STM32CubeIDE/plugins/com.st.stm32cube.ide.mcu.externaltools.gnu-tools-for-stm32.13.3.rel1.win32_1.0.0.202411081344/tools/bin/../lib/gcc/arm-none-eabi/13.3.1/thumb/v7e-m+fp/hard\libgcc.a

.debug_line     0x00000000    0x4a450
 .debug_line    0x00000000       0x7b ./Application/Startup/startup_stm32g431vbtx.o
 .debug_line    0x0000007b      0xe8c ./Application/User/adc.o
 .debug_line    0x00000f07      0xd52 ./Application/User/cordic.o
 .debug_line    0x00001c59      0xcdb ./Application/User/dma.o
 .debug_line    0x00002934      0xdc4 ./Application/User/gpio.o
 .debug_line    0x000036f8     0x1837 ./Application/User/hall_speed_pos_fdbk.o
 .debug_line    0x00004f2f      0xe39 ./Application/User/i2c.o
 .debug_line    0x00005d68      0xef0 ./Application/User/main.o
 .debug_line    0x00006c58     0x10f6 ./Application/User/mc_api.o
 .debug_line    0x00007d4e      0x97b ./Application/User/mc_app_hooks.o
 .debug_line    0x000086c9      0xcc0 ./Application/User/mc_config.o
 .debug_line    0x00009389      0xcc7 ./Application/User/mc_config_common.o
 .debug_line    0x0000a050     0x18e3 ./Application/User/mc_interface.o
 .debug_line    0x0000b933      0xba4 ./Application/User/mc_math.o
 .debug_line    0x0000c4d7      0xcb1 ./Application/User/mc_parameters.o
 .debug_line    0x0000d188     0x1161 ./Application/User/mc_tasks.o
 .debug_line    0x0000e2e9     0x121e ./Application/User/mc_tasks_foc.o
 .debug_line    0x0000f507      0xd00 ./Application/User/motorcontrol.o
 .debug_line    0x00010207      0xda8 ./Application/User/opamp.o
 .debug_line    0x00010faf      0xba0 ./Application/User/pwm_common.o
 .debug_line    0x00011b4f     0x1278 ./Application/User/pwm_curr_fdbk.o
 .debug_line    0x00012dc7     0x240b ./Application/User/r1_ps_pwm_curr_fdbk.o
 .debug_line    0x000151d2     0x1699 ./Application/User/regular_conversion_manager.o
 .debug_line    0x0001686b      0xd86 ./Application/User/stm32_mc_common_it.o
 .debug_line    0x000175f1      0xcf3 ./Application/User/stm32g4xx_hal_msp.o
 .debug_line    0x000182e4      0xcd5 ./Application/User/stm32g4xx_it.o
 .debug_line    0x00018fb9      0xf40 ./Application/User/stm32g4xx_mc_it.o
 .debug_line    0x00019ef9     0x11b4 ./Application/User/tim.o
 .debug_line    0x0001b0ad     0x122c ./Application/User/usart.o
 .debug_line    0x0001c2d9      0x8ce ./Drivers/CMSIS/system_stm32g4xx.o
 .debug_line    0x0001cba7      0xd60 ./Drivers/STM32G4xx_HAL_Driver/stm32g4xx_hal.o
 .debug_line    0x0001d907     0x2e43 ./Drivers/STM32G4xx_HAL_Driver/stm32g4xx_hal_adc.o
 .debug_line    0x0002074a     0x2808 ./Drivers/STM32G4xx_HAL_Driver/stm32g4xx_hal_adc_ex.o
 .debug_line    0x00022f52     0x1373 ./Drivers/STM32G4xx_HAL_Driver/stm32g4xx_hal_cordic.o
 .debug_line    0x000242c5      0xe96 ./Drivers/STM32G4xx_HAL_Driver/stm32g4xx_hal_cortex.o
 .debug_line    0x0002515b     0x1431 ./Drivers/STM32G4xx_HAL_Driver/stm32g4xx_hal_dma.o
 .debug_line    0x0002658c     0x10a8 ./Drivers/STM32G4xx_HAL_Driver/stm32g4xx_hal_gpio.o
 .debug_line    0x00027634     0x81ab ./Drivers/STM32G4xx_HAL_Driver/stm32g4xx_hal_i2c.o
 .debug_line    0x0002f7df      0xa7b ./Drivers/STM32G4xx_HAL_Driver/stm32g4xx_hal_i2c_ex.o
 .debug_line    0x0003025a      0xd79 ./Drivers/STM32G4xx_HAL_Driver/stm32g4xx_hal_opamp.o
 .debug_line    0x00030fd3      0xf91 ./Drivers/STM32G4xx_HAL_Driver/stm32g4xx_hal_pwr_ex.o
 .debug_line    0x00031f64     0x1598 ./Drivers/STM32G4xx_HAL_Driver/stm32g4xx_hal_rcc.o
 .debug_line    0x000334fc     0x1606 ./Drivers/STM32G4xx_HAL_Driver/stm32g4xx_hal_rcc_ex.o
 .debug_line    0x00034b02     0x65ca ./Drivers/STM32G4xx_HAL_Driver/stm32g4xx_hal_tim.o
 .debug_line    0x0003b0cc     0x266f ./Drivers/STM32G4xx_HAL_Driver/stm32g4xx_hal_tim_ex.o
 .debug_line    0x0003d73b      0xde4 ./Drivers/STM32G4xx_HAL_Driver/stm32g4xx_ll_gpio.o
 .debug_line    0x0003e51f     0x29ea ./Drivers/STM32G4xx_HAL_Driver/stm32g4xx_ll_rcc.o
 .debug_line    0x00040f09      0xbd9 ./Drivers/STM32G4xx_HAL_Driver/stm32g4xx_ll_usart.o
 .debug_line    0x00041ae2      0xaaf ./Middlewares/MotorControl/circle_limitation.o
 .debug_line    0x00042591      0xbb4 ./Middlewares/MotorControl/ntc_temperature_sensor.o
 .debug_line    0x00043145      0xe53 ./Middlewares/MotorControl/pid_regulator.o
 .debug_line    0x00043f98      0xaae ./Middlewares/MotorControl/pqd_motor_power_measurement.o
 .debug_line    0x00044a46      0xc8d ./Middlewares/MotorControl/ramp_ext_mngr.o
 .debug_line    0x000456d3      0xb6d ./Middlewares/MotorControl/speed_pos_fdbk.o
 .debug_line    0x00046240      0xe15 ./Middlewares/MotorControl/speed_torq_ctrl.o
 .debug_line    0x00047055     0x29af ./Middlewares/MotorControl/stspin32g4.o
 .debug_line    0x00049a04      0xa4c ./Middlewares/MotorControl/virtual_bus_voltage_sensor.o

.debug_line_str
                0x00000000       0x72
 .debug_line_str
                0x00000000       0x72 ./Application/Startup/startup_stm32g431vbtx.o

.debug_info     0x00000000    0x44db6
 .debug_info    0x00000000       0x30 ./Application/Startup/startup_stm32g431vbtx.o
 .debug_info    0x00000030     0x126c ./Application/User/adc.o
 .debug_info    0x0000129c      0x94c ./Application/User/cordic.o
 .debug_info    0x00001be8      0x3ff ./Application/User/dma.o
 .debug_info    0x00001fe7      0x6e0 ./Application/User/gpio.o
 .debug_info    0x000026c7     0x150f ./Application/User/hall_speed_pos_fdbk.o
 .debug_info    0x00003bd6      0xf0f ./Application/User/i2c.o
 .debug_info    0x00004ae5      0xad3 ./Application/User/main.o
 .debug_info    0x000055b8     0x1bb6 ./Application/User/mc_api.o
 .debug_info    0x0000716e      0x1db ./Application/User/mc_app_hooks.o
 .debug_info    0x00007349     0x1bf9 ./Application/User/mc_config.o
 .debug_info    0x00008f42      0x9e4 ./Application/User/mc_config_common.o
 .debug_info    0x00009926     0x21a2 ./Application/User/mc_interface.o
 .debug_info    0x0000bac8      0x764 ./Application/User/mc_math.o
 .debug_info    0x0000c22c      0x748 ./Application/User/mc_parameters.o
 .debug_info    0x0000c974     0x191c ./Application/User/mc_tasks.o
 .debug_info    0x0000e290     0x2476 ./Application/User/mc_tasks_foc.o
 .debug_info    0x00010706     0x1115 ./Application/User/motorcontrol.o
 .debug_info    0x0001181b      0x82d ./Application/User/opamp.o
 .debug_info    0x00012048      0x953 ./Application/User/pwm_common.o
 .debug_info    0x0001299b     0x14a5 ./Application/User/pwm_curr_fdbk.o
 .debug_info    0x00013e40     0x3603 ./Application/User/r1_ps_pwm_curr_fdbk.o
 .debug_info    0x00017443     0x1820 ./Application/User/regular_conversion_manager.o
 .debug_info    0x00018c63      0x3dc ./Application/User/stm32_mc_common_it.o
 .debug_info    0x0001903f      0x437 ./Application/User/stm32g4xx_hal_msp.o
 .debug_info    0x00019476      0x1d4 ./Application/User/stm32g4xx_it.o
 .debug_info    0x0001964a     0x16be ./Application/User/stm32g4xx_mc_it.o
 .debug_info    0x0001ad08     0x1735 ./Application/User/tim.o
 .debug_info    0x0001c43d     0x1694 ./Application/User/usart.o
 .debug_info    0x0001dad1      0x5a7 ./Drivers/CMSIS/system_stm32g4xx.o
 .debug_info    0x0001e078      0xcd7 ./Drivers/STM32G4xx_HAL_Driver/stm32g4xx_hal.o
 .debug_info    0x0001ed4f     0x3508 ./Drivers/STM32G4xx_HAL_Driver/stm32g4xx_hal_adc.o
 .debug_info    0x00022257     0x2d2c ./Drivers/STM32G4xx_HAL_Driver/stm32g4xx_hal_adc_ex.o
 .debug_info    0x00024f83      0xdc3 ./Drivers/STM32G4xx_HAL_Driver/stm32g4xx_hal_cordic.o
 .debug_info    0x00025d46      0xfd6 ./Drivers/STM32G4xx_HAL_Driver/stm32g4xx_hal_cortex.o
 .debug_info    0x00026d1c      0xa62 ./Drivers/STM32G4xx_HAL_Driver/stm32g4xx_hal_dma.o
 .debug_info    0x0002777e      0x795 ./Drivers/STM32G4xx_HAL_Driver/stm32g4xx_hal_gpio.o
 .debug_info    0x00027f13     0x668f ./Drivers/STM32G4xx_HAL_Driver/stm32g4xx_hal_i2c.o
 .debug_info    0x0002e5a2      0xaef ./Drivers/STM32G4xx_HAL_Driver/stm32g4xx_hal_i2c_ex.o
 .debug_info    0x0002f091      0x84b ./Drivers/STM32G4xx_HAL_Driver/stm32g4xx_hal_opamp.o
 .debug_info    0x0002f8dc      0x993 ./Drivers/STM32G4xx_HAL_Driver/stm32g4xx_hal_pwr_ex.o
 .debug_info    0x0003026f      0xe7b ./Drivers/STM32G4xx_HAL_Driver/stm32g4xx_hal_rcc.o
 .debug_info    0x000310ea      0xd46 ./Drivers/STM32G4xx_HAL_Driver/stm32g4xx_hal_rcc_ex.o
 .debug_info    0x00031e30     0x500d ./Drivers/STM32G4xx_HAL_Driver/stm32g4xx_hal_tim.o
 .debug_info    0x00036e3d     0x25d0 ./Drivers/STM32G4xx_HAL_Driver/stm32g4xx_hal_tim_ex.o
 .debug_info    0x0003940d      0xd6d ./Drivers/STM32G4xx_HAL_Driver/stm32g4xx_ll_gpio.o
 .debug_info    0x0003a17a     0x1f79 ./Drivers/STM32G4xx_HAL_Driver/stm32g4xx_ll_rcc.o
 .debug_info    0x0003c0f3      0xa0e ./Drivers/STM32G4xx_HAL_Driver/stm32g4xx_ll_usart.o
 .debug_info    0x0003cb01      0x387 ./Middlewares/MotorControl/circle_limitation.o
 .debug_info    0x0003ce88      0x505 ./Middlewares/MotorControl/ntc_temperature_sensor.o
 .debug_info    0x0003d38d      0x8ea ./Middlewares/MotorControl/pid_regulator.o
 .debug_info    0x0003dc77      0x529 ./Middlewares/MotorControl/pqd_motor_power_measurement.o
 .debug_info    0x0003e1a0      0x502 ./Middlewares/MotorControl/ramp_ext_mngr.o
 .debug_info    0x0003e6a2      0x4fe ./Middlewares/MotorControl/speed_pos_fdbk.o
 .debug_info    0x0003eba0      0x9a4 ./Middlewares/MotorControl/speed_torq_ctrl.o
 .debug_info    0x0003f544     0x557a ./Middlewares/MotorControl/stspin32g4.o
 .debug_info    0x00044abe      0x2f8 ./Middlewares/MotorControl/virtual_bus_voltage_sensor.o

.debug_abbrev   0x00000000     0x8f1d
 .debug_abbrev  0x00000000       0x24 ./Application/Startup/startup_stm32g431vbtx.o
 .debug_abbrev  0x00000024      0x225 ./Application/User/adc.o
 .debug_abbrev  0x00000249      0x1ef ./Application/User/cordic.o
 .debug_abbrev  0x00000438       0xee ./Application/User/dma.o
 .debug_abbrev  0x00000526      0x187 ./Application/User/gpio.o
 .debug_abbrev  0x000006ad      0x315 ./Application/User/hall_speed_pos_fdbk.o
 .debug_abbrev  0x000009c2      0x272 ./Application/User/i2c.o
 .debug_abbrev  0x00000c34      0x325 ./Application/User/main.o
 .debug_abbrev  0x00000f59      0x283 ./Application/User/mc_api.o
 .debug_abbrev  0x000011dc       0x98 ./Application/User/mc_app_hooks.o
 .debug_abbrev  0x00001274      0x1f8 ./Application/User/mc_config.o
 .debug_abbrev  0x0000146c      0x167 ./Application/User/mc_config_common.o
 .debug_abbrev  0x000015d3      0x3f5 ./Application/User/mc_interface.o
 .debug_abbrev  0x000019c8      0x279 ./Application/User/mc_math.o
 .debug_abbrev  0x00001c41      0x133 ./Application/User/mc_parameters.o
 .debug_abbrev  0x00001d74      0x412 ./Application/User/mc_tasks.o
 .debug_abbrev  0x00002186      0x462 ./Application/User/mc_tasks_foc.o
 .debug_abbrev  0x000025e8      0x23c ./Application/User/motorcontrol.o
 .debug_abbrev  0x00002824      0x214 ./Application/User/opamp.o
 .debug_abbrev  0x00002a38      0x231 ./Application/User/pwm_common.o
 .debug_abbrev  0x00002c69      0x3bc ./Application/User/pwm_curr_fdbk.o
 .debug_abbrev  0x00003025      0x445 ./Application/User/r1_ps_pwm_curr_fdbk.o
 .debug_abbrev  0x0000346a      0x41a ./Application/User/regular_conversion_manager.o
 .debug_abbrev  0x00003884      0x18a ./Application/User/stm32_mc_common_it.o
 .debug_abbrev  0x00003a0e      0x134 ./Application/User/stm32g4xx_hal_msp.o
 .debug_abbrev  0x00003b42       0x7e ./Application/User/stm32g4xx_it.o
 .debug_abbrev  0x00003bc0      0x2f4 ./Application/User/stm32g4xx_mc_it.o
 .debug_abbrev  0x00003eb4      0x343 ./Application/User/tim.o
 .debug_abbrev  0x000041f7      0x30f ./Application/User/usart.o
 .debug_abbrev  0x00004506      0x120 ./Drivers/CMSIS/system_stm32g4xx.o
 .debug_abbrev  0x00004626      0x2dd ./Drivers/STM32G4xx_HAL_Driver/stm32g4xx_hal.o
 .debug_abbrev  0x00004903      0x355 ./Drivers/STM32G4xx_HAL_Driver/stm32g4xx_hal_adc.o
 .debug_abbrev  0x00004c58      0x3eb ./Drivers/STM32G4xx_HAL_Driver/stm32g4xx_hal_adc_ex.o
 .debug_abbrev  0x00005043      0x2b4 ./Drivers/STM32G4xx_HAL_Driver/stm32g4xx_hal_cordic.o
 .debug_abbrev  0x000052f7      0x387 ./Drivers/STM32G4xx_HAL_Driver/stm32g4xx_hal_cortex.o
 .debug_abbrev  0x0000567e      0x2af ./Drivers/STM32G4xx_HAL_Driver/stm32g4xx_hal_dma.o
 .debug_abbrev  0x0000592d      0x1f9 ./Drivers/STM32G4xx_HAL_Driver/stm32g4xx_hal_gpio.o
 .debug_abbrev  0x00005b26      0x40a ./Drivers/STM32G4xx_HAL_Driver/stm32g4xx_hal_i2c.o
 .debug_abbrev  0x00005f30      0x1c4 ./Drivers/STM32G4xx_HAL_Driver/stm32g4xx_hal_i2c_ex.o
 .debug_abbrev  0x000060f4      0x1f7 ./Drivers/STM32G4xx_HAL_Driver/stm32g4xx_hal_opamp.o
 .debug_abbrev  0x000062eb      0x281 ./Drivers/STM32G4xx_HAL_Driver/stm32g4xx_hal_pwr_ex.o
 .debug_abbrev  0x0000656c      0x352 ./Drivers/STM32G4xx_HAL_Driver/stm32g4xx_hal_rcc.o
 .debug_abbrev  0x000068be      0x2ce ./Drivers/STM32G4xx_HAL_Driver/stm32g4xx_hal_rcc_ex.o
 .debug_abbrev  0x00006b8c      0x3c0 ./Drivers/STM32G4xx_HAL_Driver/stm32g4xx_hal_tim.o
 .debug_abbrev  0x00006f4c      0x3d0 ./Drivers/STM32G4xx_HAL_Driver/stm32g4xx_hal_tim_ex.o
 .debug_abbrev  0x0000731c      0x26e ./Drivers/STM32G4xx_HAL_Driver/stm32g4xx_ll_gpio.o
 .debug_abbrev  0x0000758a      0x3cf ./Drivers/STM32G4xx_HAL_Driver/stm32g4xx_ll_rcc.o
 .debug_abbrev  0x00007959      0x2ee ./Drivers/STM32G4xx_HAL_Driver/stm32g4xx_ll_usart.o
 .debug_abbrev  0x00007c47      0x126 ./Middlewares/MotorControl/circle_limitation.o
 .debug_abbrev  0x00007d6d      0x23d ./Middlewares/MotorControl/ntc_temperature_sensor.o
 .debug_abbrev  0x00007faa      0x1b1 ./Middlewares/MotorControl/pid_regulator.o
 .debug_abbrev  0x0000815b      0x1df ./Middlewares/MotorControl/pqd_motor_power_measurement.o
 .debug_abbrev  0x0000833a      0x1fb ./Middlewares/MotorControl/ramp_ext_mngr.o
 .debug_abbrev  0x00008535      0x175 ./Middlewares/MotorControl/speed_pos_fdbk.o
 .debug_abbrev  0x000086aa      0x253 ./Middlewares/MotorControl/speed_torq_ctrl.o
 .debug_abbrev  0x000088fd      0x4fe ./Middlewares/MotorControl/stspin32g4.o
 .debug_abbrev  0x00008dfb      0x122 ./Middlewares/MotorControl/virtual_bus_voltage_sensor.o

.debug_aranges  0x00000000     0x1f50
 .debug_aranges
                0x00000000       0x28 ./Application/Startup/startup_stm32g431vbtx.o
 .debug_aranges
                0x00000028       0x30 ./Application/User/adc.o
 .debug_aranges
                0x00000058       0x30 ./Application/User/cordic.o
 .debug_aranges
                0x00000088       0x20 ./Application/User/dma.o
 .debug_aranges
                0x000000a8       0x20 ./Application/User/gpio.o
 .debug_aranges
                0x000000c8       0x48 ./Application/User/hall_speed_pos_fdbk.o
 .debug_aranges
                0x00000110       0x30 ./Application/User/i2c.o
 .debug_aranges
                0x00000140       0x30 ./Application/User/main.o
 .debug_aranges
                0x00000170      0x190 ./Application/User/mc_api.o
 .debug_aranges
                0x00000300       0x28 ./Application/User/mc_app_hooks.o
 .debug_aranges
                0x00000328       0x18 ./Application/User/mc_config.o
 .debug_aranges
                0x00000340       0x18 ./Application/User/mc_config_common.o
 .debug_aranges
                0x00000358      0x1b0 ./Application/User/mc_interface.o
 .debug_aranges
                0x00000508       0x48 ./Application/User/mc_math.o
 .debug_aranges
                0x00000550       0x18 ./Application/User/mc_parameters.o
 .debug_aranges
                0x00000568       0x78 ./Application/User/mc_tasks.o
 .debug_aranges
                0x000005e0       0x50 ./Application/User/mc_tasks_foc.o
 .debug_aranges
                0x00000630       0x20 ./Application/User/motorcontrol.o
 .debug_aranges
                0x00000650       0x30 ./Application/User/opamp.o
 .debug_aranges
                0x00000680       0x28 ./Application/User/pwm_common.o
 .debug_aranges
                0x000006a8      0x110 ./Application/User/pwm_curr_fdbk.o
 .debug_aranges
                0x000007b8       0x88 ./Application/User/r1_ps_pwm_curr_fdbk.o
 .debug_aranges
                0x00000840       0x68 ./Application/User/regular_conversion_manager.o
 .debug_aranges
                0x000008a8       0x30 ./Application/User/stm32_mc_common_it.o
 .debug_aranges
                0x000008d8       0x20 ./Application/User/stm32g4xx_hal_msp.o
 .debug_aranges
                0x000008f8       0x20 ./Application/User/stm32g4xx_it.o
 .debug_aranges
                0x00000918       0x40 ./Application/User/stm32g4xx_mc_it.o
 .debug_aranges
                0x00000958       0x50 ./Application/User/tim.o
 .debug_aranges
                0x000009a8       0x28 ./Application/User/usart.o
 .debug_aranges
                0x000009d0       0x28 ./Drivers/CMSIS/system_stm32g4xx.o
 .debug_aranges
                0x000009f8      0x148 ./Drivers/STM32G4xx_HAL_Driver/stm32g4xx_hal.o
 .debug_aranges
                0x00000b40      0x108 ./Drivers/STM32G4xx_HAL_Driver/stm32g4xx_hal_adc.o
 .debug_aranges
                0x00000c48       0xf0 ./Drivers/STM32G4xx_HAL_Driver/stm32g4xx_hal_adc_ex.o
 .debug_aranges
                0x00000d38       0xa0 ./Drivers/STM32G4xx_HAL_Driver/stm32g4xx_hal_cordic.o
 .debug_aranges
                0x00000dd8       0xb8 ./Drivers/STM32G4xx_HAL_Driver/stm32g4xx_hal_cortex.o
 .debug_aranges
                0x00000e90       0x78 ./Drivers/STM32G4xx_HAL_Driver/stm32g4xx_hal_dma.o
 .debug_aranges
                0x00000f08       0x58 ./Drivers/STM32G4xx_HAL_Driver/stm32g4xx_hal_gpio.o
 .debug_aranges
                0x00000f60      0x250 ./Drivers/STM32G4xx_HAL_Driver/stm32g4xx_hal_i2c.o
 .debug_aranges
                0x000011b0       0x48 ./Drivers/STM32G4xx_HAL_Driver/stm32g4xx_hal_i2c_ex.o
 .debug_aranges
                0x000011f8       0x70 ./Drivers/STM32G4xx_HAL_Driver/stm32g4xx_hal_opamp.o
 .debug_aranges
                0x00001268      0x140 ./Drivers/STM32G4xx_HAL_Driver/stm32g4xx_hal_pwr_ex.o
 .debug_aranges
                0x000013a8       0x90 ./Drivers/STM32G4xx_HAL_Driver/stm32g4xx_hal_rcc.o
 .debug_aranges
                0x00001438       0xb0 ./Drivers/STM32G4xx_HAL_Driver/stm32g4xx_hal_rcc_ex.o
 .debug_aranges
                0x000014e8      0x398 ./Drivers/STM32G4xx_HAL_Driver/stm32g4xx_hal_tim.o
 .debug_aranges
                0x00001880      0x238 ./Drivers/STM32G4xx_HAL_Driver/stm32g4xx_hal_tim_ex.o
 .debug_aranges
                0x00001ab8       0x30 ./Drivers/STM32G4xx_HAL_Driver/stm32g4xx_ll_gpio.o
 .debug_aranges
                0x00001ae8       0x80 ./Drivers/STM32G4xx_HAL_Driver/stm32g4xx_ll_rcc.o
 .debug_aranges
                0x00001b68       0x40 ./Drivers/STM32G4xx_HAL_Driver/stm32g4xx_ll_usart.o
 .debug_aranges
                0x00001ba8       0x20 ./Middlewares/MotorControl/circle_limitation.o
 .debug_aranges
                0x00001bc8       0x48 ./Middlewares/MotorControl/ntc_temperature_sensor.o
 .debug_aranges
                0x00001c10       0xd8 ./Middlewares/MotorControl/pid_regulator.o
 .debug_aranges
                0x00001ce8       0x30 ./Middlewares/MotorControl/pqd_motor_power_measurement.o
 .debug_aranges
                0x00001d18       0x50 ./Middlewares/MotorControl/ramp_ext_mngr.o
 .debug_aranges
                0x00001d68       0x50 ./Middlewares/MotorControl/speed_pos_fdbk.o
 .debug_aranges
                0x00001db8       0x80 ./Middlewares/MotorControl/speed_torq_ctrl.o
 .debug_aranges
                0x00001e38       0xe8 ./Middlewares/MotorControl/stspin32g4.o
 .debug_aranges
                0x00001f20       0x30 ./Middlewares/MotorControl/virtual_bus_voltage_sensor.o

.debug_str      0x00000000    0xfcb4b
 .debug_str     0x00000000    0xfcb4b ./Application/Startup/startup_stm32g431vbtx.o
                                 0x8e (size before relaxing)
 .debug_str     0x000fcb4b    0xf1a26 ./Application/User/adc.o
 .debug_str     0x000fcb4b    0xf1087 ./Application/User/cordic.o
 .debug_str     0x000fcb4b    0xf0c15 ./Application/User/dma.o
 .debug_str     0x000fcb4b    0xf0ce3 ./Application/User/gpio.o
 .debug_str     0x000fcb4b    0xe7fb3 ./Application/User/hall_speed_pos_fdbk.o
 .debug_str     0x000fcb4b    0xf1496 ./Application/User/i2c.o
 .debug_str     0x000fcb4b    0xf1299 ./Application/User/main.o
 .debug_str     0x000fcb4b    0xeb9ed ./Application/User/mc_api.o
 .debug_str     0x000fcb4b    0xe76dc ./Application/User/mc_app_hooks.o
 .debug_str     0x000fcb4b    0xf1f6b ./Application/User/mc_config.o
 .debug_str     0x000fcb4b    0xf1166 ./Application/User/mc_config_common.o
 .debug_str     0x000fcb4b    0xf06aa ./Application/User/mc_interface.o
 .debug_str     0x000fcb4b    0xe9ee3 ./Application/User/mc_math.o
 .debug_str     0x000fcb4b    0xf0d3b ./Application/User/mc_parameters.o
 .debug_str     0x000fcb4b    0xf2073 ./Application/User/mc_tasks.o
 .debug_str     0x000fcb4b    0xf2592 ./Application/User/mc_tasks_foc.o
 .debug_str     0x000fcb4b    0xf1d0f ./Application/User/motorcontrol.o
 .debug_str     0x000fcb4b    0xf0f42 ./Application/User/opamp.o
 .debug_str     0x000fcb4b    0xe7a1c ./Application/User/pwm_common.o
 .debug_str     0x000fcb4b    0xea6cd ./Application/User/pwm_curr_fdbk.o
 .debug_str     0x000fcb4b    0xe8aed ./Application/User/r1_ps_pwm_curr_fdbk.o
 .debug_str     0x000fcb4b    0xeac6a ./Application/User/regular_conversion_manager.o
 .debug_str     0x000fcb4b    0xefc85 ./Application/User/stm32_mc_common_it.o
 .debug_str     0x000fcb4b    0xf0c56 ./Application/User/stm32g4xx_hal_msp.o
 .debug_str     0x000fcb4b    0xf0ad2 ./Application/User/stm32g4xx_it.o
 .debug_str     0x000fcb4b    0xf01a6 ./Application/User/stm32g4xx_mc_it.o
 .debug_str     0x000fcb4b    0xf1b67 ./Application/User/tim.o
 .debug_str     0x000fcb4b    0xf1646 ./Application/User/usart.o
 .debug_str     0x000fcb4b    0xd0f89 ./Drivers/CMSIS/system_stm32g4xx.o
 .debug_str     0x000fcb4b    0xd1b1f ./Drivers/STM32G4xx_HAL_Driver/stm32g4xx_hal.o
 .debug_str     0x000fcb4b    0xd1fbb ./Drivers/STM32G4xx_HAL_Driver/stm32g4xx_hal_adc.o
 .debug_str     0x000fcb4b    0xd1f61 ./Drivers/STM32G4xx_HAL_Driver/stm32g4xx_hal_adc_ex.o
 .debug_str     0x000fcb4b    0xd1434 ./Drivers/STM32G4xx_HAL_Driver/stm32g4xx_hal_cordic.o
 .debug_str     0x000fcb4b    0xd1789 ./Drivers/STM32G4xx_HAL_Driver/stm32g4xx_hal_cortex.o
 .debug_str     0x000fcb4b    0xd1368 ./Drivers/STM32G4xx_HAL_Driver/stm32g4xx_hal_dma.o
 .debug_str     0x000fcb4b    0xd1119 ./Drivers/STM32G4xx_HAL_Driver/stm32g4xx_hal_gpio.o
 .debug_str     0x000fcb4b    0xd2298 ./Drivers/STM32G4xx_HAL_Driver/stm32g4xx_hal_i2c.o
 .debug_str     0x000fcb4b    0xd15ad ./Drivers/STM32G4xx_HAL_Driver/stm32g4xx_hal_i2c_ex.o
 .debug_str     0x000fcb4b    0xd145c ./Drivers/STM32G4xx_HAL_Driver/stm32g4xx_hal_opamp.o
 .debug_str     0x000fcb4b    0xd147c ./Drivers/STM32G4xx_HAL_Driver/stm32g4xx_hal_pwr_ex.o
 .debug_str     0x000fcb4b    0xd1687 ./Drivers/STM32G4xx_HAL_Driver/stm32g4xx_hal_rcc.o
 .debug_str     0x000fcb4b    0xd1688 ./Drivers/STM32G4xx_HAL_Driver/stm32g4xx_hal_rcc_ex.o
 .debug_str     0x000fcb4b    0xd248c ./Drivers/STM32G4xx_HAL_Driver/stm32g4xx_hal_tim.o
 .debug_str     0x000fcb4b    0xd2100 ./Drivers/STM32G4xx_HAL_Driver/stm32g4xx_hal_tim_ex.o
 .debug_str     0x000fcb4b    0xd2814 ./Drivers/STM32G4xx_HAL_Driver/stm32g4xx_ll_gpio.o
 .debug_str     0x000fcb4b    0xd4e8c ./Drivers/STM32G4xx_HAL_Driver/stm32g4xx_ll_rcc.o
 .debug_str     0x000fcb4b    0xd7324 ./Drivers/STM32G4xx_HAL_Driver/stm32g4xx_ll_usart.o
 .debug_str     0x000fcb4b    0xe9ddd ./Middlewares/MotorControl/circle_limitation.o
 .debug_str     0x000fcb4b    0xe7882 ./Middlewares/MotorControl/ntc_temperature_sensor.o
 .debug_str     0x000fcb4b    0xe7a7f ./Middlewares/MotorControl/pid_regulator.o
 .debug_str     0x000fcb4b    0xe7913 ./Middlewares/MotorControl/pqd_motor_power_measurement.o
 .debug_str     0x000fcb4b    0xe783e ./Middlewares/MotorControl/ramp_ext_mngr.o
 .debug_str     0x000fcb4b    0xe793e ./Middlewares/MotorControl/speed_pos_fdbk.o
 .debug_str     0x000fcb4b    0xe7db2 ./Middlewares/MotorControl/speed_torq_ctrl.o
 .debug_str     0x000fcb4b    0xd7f5d ./Middlewares/MotorControl/stspin32g4.o
 .debug_str     0x000fcb4b    0xe7800 ./Middlewares/MotorControl/virtual_bus_voltage_sensor.o

.debug_rnglists
                0x00000000     0x3e5c
 .debug_rnglists
                0x00000000       0x19 ./Application/Startup/startup_stm32g431vbtx.o
 .debug_rnglists
                0x00000019       0x20 ./Application/User/adc.o
 .debug_rnglists
                0x00000039       0x2b ./Application/User/cordic.o
 .debug_rnglists
                0x00000064       0x1f ./Application/User/dma.o
 .debug_rnglists
                0x00000083       0x32 ./Application/User/gpio.o
 .debug_rnglists
                0x000000b5      0x1f9 ./Application/User/hall_speed_pos_fdbk.o
 .debug_rnglists
                0x000002ae       0x33 ./Application/User/i2c.o
 .debug_rnglists
                0x000002e1       0x38 ./Application/User/main.o
 .debug_rnglists
                0x00000319      0x127 ./Application/User/mc_api.o
 .debug_rnglists
                0x00000440       0x19 ./Application/User/mc_app_hooks.o
 .debug_rnglists
                0x00000459      0x17e ./Application/User/mc_interface.o
 .debug_rnglists
                0x000005d7       0x32 ./Application/User/mc_math.o
 .debug_rnglists
                0x00000609       0xf0 ./Application/User/mc_tasks.o
 .debug_rnglists
                0x000006f9       0x7f ./Application/User/mc_tasks_foc.o
 .debug_rnglists
                0x00000778       0x13 ./Application/User/motorcontrol.o
 .debug_rnglists
                0x0000078b       0x2e ./Application/User/opamp.o
 .debug_rnglists
                0x000007b9       0x8f ./Application/User/pwm_common.o
 .debug_rnglists
                0x00000848       0xfe ./Application/User/pwm_curr_fdbk.o
 .debug_rnglists
                0x00000946      0x260 ./Application/User/r1_ps_pwm_curr_fdbk.o
 .debug_rnglists
                0x00000ba6       0xa9 ./Application/User/regular_conversion_manager.o
 .debug_rnglists
                0x00000c4f       0x1f ./Application/User/stm32_mc_common_it.o
 .debug_rnglists
                0x00000c6e       0x2e ./Application/User/stm32g4xx_hal_msp.o
 .debug_rnglists
                0x00000c9c       0x13 ./Application/User/stm32g4xx_it.o
 .debug_rnglists
                0x00000caf       0x8e ./Application/User/stm32g4xx_mc_it.o
 .debug_rnglists
                0x00000d3d       0xa5 ./Application/User/tim.o
 .debug_rnglists
                0x00000de2       0xed ./Application/User/usart.o
 .debug_rnglists
                0x00000ecf       0x1a ./Drivers/CMSIS/system_stm32g4xx.o
 .debug_rnglists
                0x00000ee9       0xf1 ./Drivers/STM32G4xx_HAL_Driver/stm32g4xx_hal.o
 .debug_rnglists
                0x00000fda      0x4e3 ./Drivers/STM32G4xx_HAL_Driver/stm32g4xx_hal_adc.o
 .debug_rnglists
                0x000014bd      0x3fc ./Drivers/STM32G4xx_HAL_Driver/stm32g4xx_hal_adc_ex.o
 .debug_rnglists
                0x000018b9       0xf4 ./Drivers/STM32G4xx_HAL_Driver/stm32g4xx_hal_cordic.o
 .debug_rnglists
                0x000019ad       0xfa ./Drivers/STM32G4xx_HAL_Driver/stm32g4xx_hal_cortex.o
 .debug_rnglists
                0x00001aa7       0xb0 ./Drivers/STM32G4xx_HAL_Driver/stm32g4xx_hal_dma.o
 .debug_rnglists
                0x00001b57       0x4d ./Drivers/STM32G4xx_HAL_Driver/stm32g4xx_hal_gpio.o
 .debug_rnglists
                0x00001ba4      0x8ee ./Drivers/STM32G4xx_HAL_Driver/stm32g4xx_hal_i2c.o
 .debug_rnglists
                0x00002492       0x4f ./Drivers/STM32G4xx_HAL_Driver/stm32g4xx_hal_i2c_ex.o
 .debug_rnglists
                0x000024e1       0x51 ./Drivers/STM32G4xx_HAL_Driver/stm32g4xx_hal_opamp.o
 .debug_rnglists
                0x00002532       0xf0 ./Drivers/STM32G4xx_HAL_Driver/stm32g4xx_hal_pwr_ex.o
 .debug_rnglists
                0x00002622       0xab ./Drivers/STM32G4xx_HAL_Driver/stm32g4xx_hal_rcc.o
 .debug_rnglists
                0x000026cd       0xc2 ./Drivers/STM32G4xx_HAL_Driver/stm32g4xx_hal_rcc_ex.o
 .debug_rnglists
                0x0000278f      0x5b9 ./Drivers/STM32G4xx_HAL_Driver/stm32g4xx_hal_tim.o
 .debug_rnglists
                0x00002d48      0x232 ./Drivers/STM32G4xx_HAL_Driver/stm32g4xx_hal_tim_ex.o
 .debug_rnglists
                0x00002f7a       0x47 ./Drivers/STM32G4xx_HAL_Driver/stm32g4xx_ll_gpio.o
 .debug_rnglists
                0x00002fc1      0x80e ./Drivers/STM32G4xx_HAL_Driver/stm32g4xx_ll_rcc.o
 .debug_rnglists
                0x000037cf       0x6f ./Drivers/STM32G4xx_HAL_Driver/stm32g4xx_ll_usart.o
 .debug_rnglists
                0x0000383e       0x13 ./Middlewares/MotorControl/circle_limitation.o
 .debug_rnglists
                0x00003851       0x49 ./Middlewares/MotorControl/ntc_temperature_sensor.o
 .debug_rnglists
                0x0000389a       0x9e ./Middlewares/MotorControl/pid_regulator.o
 .debug_rnglists
                0x00003938       0x1f ./Middlewares/MotorControl/pqd_motor_power_measurement.o
 .debug_rnglists
                0x00003957       0x56 ./Middlewares/MotorControl/ramp_ext_mngr.o
 .debug_rnglists
                0x000039ad       0x37 ./Middlewares/MotorControl/speed_pos_fdbk.o
 .debug_rnglists
                0x000039e4       0x68 ./Middlewares/MotorControl/speed_torq_ctrl.o
 .debug_rnglists
                0x00003a4c      0x3f1 ./Middlewares/MotorControl/stspin32g4.o
 .debug_rnglists
                0x00003e3d       0x1f ./Middlewares/MotorControl/virtual_bus_voltage_sensor.o

.debug_loclists
                0x00000000    0x1e301
 .debug_loclists
                0x00000000       0x3d ./Application/User/adc.o
 .debug_loclists
                0x0000003d      0x9c5 ./Application/User/hall_speed_pos_fdbk.o
 .debug_loclists
                0x00000a02       0x55 ./Application/User/i2c.o
 .debug_loclists
                0x00000a57       0x75 ./Application/User/main.o
 .debug_loclists
                0x00000acc      0x17d ./Application/User/mc_api.o
 .debug_loclists
                0x00000c49      0xb41 ./Application/User/mc_interface.o
 .debug_loclists
                0x0000178a      0x525 ./Application/User/mc_math.o
 .debug_loclists
                0x00001caf      0x1ce ./Application/User/mc_tasks.o
 .debug_loclists
                0x00001e7d      0x235 ./Application/User/mc_tasks_foc.o
 .debug_loclists
                0x000020b2       0x46 ./Application/User/opamp.o
 .debug_loclists
                0x000020f8      0x176 ./Application/User/pwm_common.o
 .debug_loclists
                0x0000226e      0x7f0 ./Application/User/pwm_curr_fdbk.o
 .debug_loclists
                0x00002a5e     0x16d8 ./Application/User/r1_ps_pwm_curr_fdbk.o
 .debug_loclists
                0x00004136      0x6b6 ./Application/User/regular_conversion_manager.o
 .debug_loclists
                0x000047ec       0x28 ./Application/User/stm32_mc_common_it.o
 .debug_loclists
                0x00004814      0x110 ./Application/User/stm32g4xx_mc_it.o
 .debug_loclists
                0x00004924       0xb2 ./Application/User/tim.o
 .debug_loclists
                0x000049d6      0x26e ./Application/User/usart.o
 .debug_loclists
                0x00004c44       0x7e ./Drivers/CMSIS/system_stm32g4xx.o
 .debug_loclists
                0x00004cc2      0x173 ./Drivers/STM32G4xx_HAL_Driver/stm32g4xx_hal.o
 .debug_loclists