D:/project/STM32/STSPIN32G4/EVSPIN32G4_SmartBed/MCSDK_v6.3.2-Full/MotorControl/MCSDK/MCLib/G4xx/Src/stspin32g4.c:178:26:STSPIN32G4_readReg.part.0	40	static
D:/project/STM32/STSPIN32G4/EVSPIN32G4_SmartBed/MCSDK_v6.3.2-Full/MotorControl/MCSDK/MCLib/G4xx/Src/stspin32g4.c:292:26:STSPIN32G4_writeReg.part.0	32	static
D:/project/STM32/STSPIN32G4/EVSPIN32G4_SmartBed/MCSDK_v6.3.2-Full/MotorControl/MCSDK/MCLib/G4xx/Src/stspin32g4.c:74:26:STSPIN32G4_init	0	static
D:/project/STM32/STSPIN32G4/EVSPIN32G4_SmartBed/MCSDK_v6.3.2-Full/MotorControl/MCSDK/MCLib/G4xx/Src/stspin32g4.c:101:26:STSPIN32G4_deInit	0	static
D:/project/STM32/STSPIN32G4/EVSPIN32G4_SmartBed/MCSDK_v6.3.2-Full/MotorControl/MCSDK/MCLib/G4xx/Src/stspin32g4.c:110:26:STSPIN32G4_lockReg	16	static
D:/project/STM32/STSPIN32G4/EVSPIN32G4_SmartBed/MCSDK_v6.3.2-Full/MotorControl/MCSDK/MCLib/G4xx/Src/stspin32g4.c:144:26:STSPIN32G4_unlockReg	16	static
D:/project/STM32/STSPIN32G4/EVSPIN32G4_SmartBed/MCSDK_v6.3.2-Full/MotorControl/MCSDK/MCLib/G4xx/Src/stspin32g4.c:178:26:STSPIN32G4_readReg	4	static
D:/project/STM32/STSPIN32G4/EVSPIN32G4_SmartBed/MCSDK_v6.3.2-Full/MotorControl/MCSDK/MCLib/G4xx/Src/stspin32g4.c:292:26:STSPIN32G4_writeReg	0	static
D:/project/STM32/STSPIN32G4/EVSPIN32G4_SmartBed/MCSDK_v6.3.2-Full/MotorControl/MCSDK/MCLib/G4xx/Src/stspin32g4.c:399:26:STSPIN32G4_writeVerifyReg	24	static
D:/project/STM32/STSPIN32G4/EVSPIN32G4_SmartBed/MCSDK_v6.3.2-Full/MotorControl/MCSDK/MCLib/G4xx/Src/stspin32g4.c:422:26:STSPIN32G4_set3V3	24	static
D:/project/STM32/STSPIN32G4/EVSPIN32G4_SmartBed/MCSDK_v6.3.2-Full/MotorControl/MCSDK/MCLib/G4xx/Src/stspin32g4.c:464:26:STSPIN32G4_get3V3	16	static
D:/project/STM32/STSPIN32G4/EVSPIN32G4_SmartBed/MCSDK_v6.3.2-Full/MotorControl/MCSDK/MCLib/G4xx/Src/stspin32g4.c:485:26:STSPIN32G4_setVCC	32	static
D:/project/STM32/STSPIN32G4/EVSPIN32G4_SmartBed/MCSDK_v6.3.2-Full/MotorControl/MCSDK/MCLib/G4xx/Src/stspin32g4.c:589:26:STSPIN32G4_getVCC	24	static
D:/project/STM32/STSPIN32G4/EVSPIN32G4_SmartBed/MCSDK_v6.3.2-Full/MotorControl/MCSDK/MCLib/G4xx/Src/stspin32g4.c:654:26:STSPIN32G4_setInterlocking	24	static
D:/project/STM32/STSPIN32G4/EVSPIN32G4_SmartBed/MCSDK_v6.3.2-Full/MotorControl/MCSDK/MCLib/G4xx/Src/stspin32g4.c:696:26:STSPIN32G4_getInterlocking	16	static
D:/project/STM32/STSPIN32G4/EVSPIN32G4_SmartBed/MCSDK_v6.3.2-Full/MotorControl/MCSDK/MCLib/G4xx/Src/stspin32g4.c:717:26:STSPIN32G4_setMinimumDeadTime	24	static
D:/project/STM32/STSPIN32G4/EVSPIN32G4_SmartBed/MCSDK_v6.3.2-Full/MotorControl/MCSDK/MCLib/G4xx/Src/stspin32g4.c:759:26:STSPIN32G4_getMinimumDeadTime	16	static
D:/project/STM32/STSPIN32G4/EVSPIN32G4_SmartBed/MCSDK_v6.3.2-Full/MotorControl/MCSDK/MCLib/G4xx/Src/stspin32g4.c:780:26:STSPIN32G4_setVDSP	32	static
D:/project/STM32/STSPIN32G4/EVSPIN32G4_SmartBed/MCSDK_v6.3.2-Full/MotorControl/MCSDK/MCLib/G4xx/Src/stspin32g4.c:858:26:STSPIN32G4_getVDSP	24	static
D:/project/STM32/STSPIN32G4/EVSPIN32G4_SmartBed/MCSDK_v6.3.2-Full/MotorControl/MCSDK/MCLib/G4xx/Src/stspin32g4.c:910:26:STSPIN32G4_setTHSD	32	static
D:/project/STM32/STSPIN32G4/EVSPIN32G4_SmartBed/MCSDK_v6.3.2-Full/MotorControl/MCSDK/MCLib/G4xx/Src/stspin32g4.c:971:26:STSPIN32G4_getTHSD	24	static
D:/project/STM32/STSPIN32G4/EVSPIN32G4_SmartBed/MCSDK_v6.3.2-Full/MotorControl/MCSDK/MCLib/G4xx/Src/stspin32g4.c:999:26:STSPIN32G4_clearFaults	0	static
D:/project/STM32/STSPIN32G4/EVSPIN32G4_SmartBed/MCSDK_v6.3.2-Full/MotorControl/MCSDK/MCLib/G4xx/Src/stspin32g4.c:1011:26:STSPIN32G4_reset	16	static
D:/project/STM32/STSPIN32G4/EVSPIN32G4_SmartBed/MCSDK_v6.3.2-Full/MotorControl/MCSDK/MCLib/G4xx/Src/stspin32g4.c:1031:26:STSPIN32G4_standby	48	static
D:/project/STM32/STSPIN32G4/EVSPIN32G4_SmartBed/MCSDK_v6.3.2-Full/MotorControl/MCSDK/MCLib/G4xx/Src/stspin32g4.c:1219:26:STSPIN32G4_wakeup	32	static
D:/project/STM32/STSPIN32G4/EVSPIN32G4_SmartBed/MCSDK_v6.3.2-Full/MotorControl/MCSDK/MCLib/G4xx/Src/stspin32g4.c:1337:26:STSPIN32G4_getStatus	0	static
