D:/project/STM32/STSPIN32G4/EVSPIN32G4_SmartBed/Src/tim.c:32:6:MX_TIM1_Init	136	static
D:/project/STM32/STSPIN32G4/EVSPIN32G4_SmartBed/Src/tim.c:122:6:MX_TIM4_Init	56	static
D:/project/STM32/STSPIN32G4/EVSPIN32G4_SmartBed/Src/tim.c:171:6:HAL_TIM_PWM_MspInit	24	static
D:/project/STM32/STSPIN32G4/EVSPIN32G4_SmartBed/Src/tim.c:206:6:HAL_TIM_Base_MspInit	40	static
D:/project/STM32/STSPIN32G4/EVSPIN32G4_SmartBed/Src/tim.c:236:6:HAL_TIM_MspPostInit	40	static
D:/project/STM32/STSPIN32G4/EVSPIN32G4_SmartBed/Src/tim.c:270:6:HAL_TIM_PWM_MspDeInit	8	static
D:/project/STM32/STSPIN32G4/EVSPIN32G4_SmartBed/Src/tim.c:293:6:HAL_TIM_Base_MspDeInit	8	static
